Component: ARM Compiler 6.16 Tool: armlink [5dfeaa00]

==============================================================================

Section Cross References

    startup_lpc11xx.o(RESET) refers to startup_lpc11xx.o(STACK) for __initial_sp
    startup_lpc11xx.o(RESET) refers to startup_lpc11xx.o(.text) for Reset_Handler
    startup_lpc11xx.o(.text) refers to lab4.o(FLASH) for SystemInit
    lab4.o(FLASH) refers (Special) to level1.o(PROGRAM) for Level1
    lab4.o(FLASH) refers (Special) to level2.o(PROGRAM) for Level2
    lab4.o(FLASH) refers to init.o(program) for Init
    lab4.o(FLASH) refers to level3.o(PROGRAM) for Level3
    level2.o(PROGRAM) refers to delay.o(program) for delay


==============================================================================

Removing Unused input sections from the image.

    Removing startup_lpc11xx.o(HEAP), (0 bytes).

1 unused section(s) (total 0 bytes) removed from the image.

==============================================================================

Image Symbol Table

    Local Symbols

    Symbol Name                              Value     Ov Type        Size  Object(Section)

    Init.s                                   0x00000000   Number         0  init.o ABSOLUTE
    Level1.s                                 0x00000000   Number         0  level1.o ABSOLUTE
    Level2.s                                 0x00000000   Number         0  level2.o ABSOLUTE
    Level3.s                                 0x00000000   Number         0  level3.o ABSOLUTE
    delay.s                                  0x00000000   Number         0  delay.o ABSOLUTE
    lab4.s                                   0x00000000   Number         0  lab4.o ABSOLUTE
    startup_LPC11xx.s                        0x00000000   Number         0  startup_lpc11xx.o ABSOLUTE
    RESET                                    0x00000000   Section      192  startup_lpc11xx.o(RESET)
    .text                                    0x000000c0   Section       28  startup_lpc11xx.o(.text)
    FLASH                                    0x000000dc   Section       10  lab4.o(FLASH)
    PROGRAM                                  0x000000e8   Section       40  level1.o(PROGRAM)
    PROGRAM                                  0x00000110   Section      108  level2.o(PROGRAM)
    PROGRAM                                  0x0000017c   Section       56  level3.o(PROGRAM)
    program                                  0x000001b4   Section      128  init.o(program)
    program                                  0x00000234   Section        8  delay.o(program)
    .ARM.__at_0x02FC                         0x000002fc   Section        4  startup_lpc11xx.o(.ARM.__at_0x02FC)
    STACK                                    0x10000000   Section      512  startup_lpc11xx.o(STACK)

    Global Symbols

    Symbol Name                              Value     Ov Type        Size  Object(Section)

    BuildAttributes$$THM_ISAv3M$S$A:L22$X:L11$S22$IEEE1$~IW$USESV6$~STKCKD$USESV7$~SHL$OSPACE$EBA8$MICROLIB$EABIv2 0x00000000   Number         0  anon$$obj.o ABSOLUTE
    __Vectors                                0x00000000   Data           4  startup_lpc11xx.o(RESET)
    __use_two_region_memory                  0x00000000   Number         0  lab4.o ABSOLUTE
    Reset_Handler                            0x000000c1   Thumb Code     8  startup_lpc11xx.o(.text)
    NMI_Handler                              0x000000c9   Thumb Code     2  startup_lpc11xx.o(.text)
    HardFault_Handler                        0x000000cb   Thumb Code     2  startup_lpc11xx.o(.text)
    SVC_Handler                              0x000000cd   Thumb Code     2  startup_lpc11xx.o(.text)
    PendSV_Handler                           0x000000cf   Thumb Code     2  startup_lpc11xx.o(.text)
    SysTick_Handler                          0x000000d1   Thumb Code     2  startup_lpc11xx.o(.text)
    ADC_IRQHandler                           0x000000d3   Thumb Code     0  startup_lpc11xx.o(.text)
    BOD_IRQHandler                           0x000000d3   Thumb Code     0  startup_lpc11xx.o(.text)
    CAN_IRQHandler                           0x000000d3   Thumb Code     0  startup_lpc11xx.o(.text)
    FMC_IRQHandler                           0x000000d3   Thumb Code     0  startup_lpc11xx.o(.text)
    I2C_IRQHandler                           0x000000d3   Thumb Code     0  startup_lpc11xx.o(.text)
    PIOINT0_IRQHandler                       0x000000d3   Thumb Code     0  startup_lpc11xx.o(.text)
    PIOINT1_IRQHandler                       0x000000d3   Thumb Code     0  startup_lpc11xx.o(.text)
    PIOINT2_IRQHandler                       0x000000d3   Thumb Code     0  startup_lpc11xx.o(.text)
    PIOINT3_IRQHandler                       0x000000d3   Thumb Code     0  startup_lpc11xx.o(.text)
    SSP0_IRQHandler                          0x000000d3   Thumb Code     0  startup_lpc11xx.o(.text)
    SSP1_IRQHandler                          0x000000d3   Thumb Code     0  startup_lpc11xx.o(.text)
    TIMER16_0_IRQHandler                     0x000000d3   Thumb Code     0  startup_lpc11xx.o(.text)
    TIMER16_1_IRQHandler                     0x000000d3   Thumb Code     0  startup_lpc11xx.o(.text)
    TIMER32_0_IRQHandler                     0x000000d3   Thumb Code     0  startup_lpc11xx.o(.text)
    TIMER32_1_IRQHandler                     0x000000d3   Thumb Code     0  startup_lpc11xx.o(.text)
    UART_IRQHandler                          0x000000d3   Thumb Code     0  startup_lpc11xx.o(.text)
    USB_FIQHandler                           0x000000d3   Thumb Code     0  startup_lpc11xx.o(.text)
    USB_IRQHandler                           0x000000d3   Thumb Code     0  startup_lpc11xx.o(.text)
    WAKEUP_IRQHandler                        0x000000d3   Thumb Code     0  startup_lpc11xx.o(.text)
    WDT_IRQHandler                           0x000000d3   Thumb Code     0  startup_lpc11xx.o(.text)
    SystemInit                               0x000000dd   Thumb Code     0  lab4.o(FLASH)
    __main                                   0x000000dd   Thumb Code     0  lab4.o(FLASH)
    Level1                                   0x000000e9   Thumb Code     0  level1.o(PROGRAM)
    Level2                                   0x00000111   Thumb Code     0  level2.o(PROGRAM)
    Level3                                   0x0000017d   Thumb Code     0  level3.o(PROGRAM)
    Init                                     0x000001b5   Thumb Code     0  init.o(program)
    delay                                    0x00000235   Thumb Code     0  delay.o(program)
    __initial_sp                             0x10000200   Data           0  startup_lpc11xx.o(STACK)



==============================================================================

Memory Map of the image

  Image Entry point : 0x000000c1

  Load Region LR_1 (Base: 0x00000000, Size: 0x00000300, Max: 0xffffffff, ABSOLUTE)

    Execution Region ER_RO (Exec base: 0x00000000, Load base: 0x00000000, Size: 0x00000300, Max: 0xffffffff, ABSOLUTE)

    Exec Addr    Load Addr    Size         Type   Attr      Idx    E Section Name        Object

    0x00000000   0x00000000   0x000000c0   Data   RO            3    RESET               startup_lpc11xx.o
    0x000000c0   0x000000c0   0x0000001c   Code   RO            5  * .text               startup_lpc11xx.o
    0x000000dc   0x000000dc   0x0000000a   Code   RO           13  * FLASH               lab4.o
    0x000000e6   0x000000e6   0x00000002   PAD
    0x000000e8   0x000000e8   0x00000028   Code   RO           16    PROGRAM             level1.o
    0x00000110   0x00000110   0x0000006c   Code   RO           22    PROGRAM             level2.o
    0x0000017c   0x0000017c   0x00000038   Code   RO           28    PROGRAM             level3.o
    0x000001b4   0x000001b4   0x00000080   Code   RO           19    program             init.o
    0x00000234   0x00000234   0x00000008   Code   RO           25    program             delay.o
    0x0000023c   0x0000023c   0x000000c0   PAD
    0x000002fc   0x000002fc   0x00000004   Code   RO            4    .ARM.__at_0x02FC    startup_lpc11xx.o


    Execution Region ER_RW (Exec base: 0x10000000, Load base: 0x00000300, Size: 0x00000000, Max: 0xffffffff, ABSOLUTE)

    **** No section assigned to this execution region ****


    Execution Region ER_ZI (Exec base: 0x10000000, Load base: 0x00000300, Size: 0x00000200, Max: 0xffffffff, ABSOLUTE)

    Exec Addr    Load Addr    Size         Type   Attr      Idx    E Section Name        Object

    0x10000000        -       0x00000200   Zero   RW            1    STACK               startup_lpc11xx.o


==============================================================================

Image component sizes


      Code (inc. data)   RO Data    RW Data    ZI Data      Debug   Object Name

         8          0          0          0          0        176   delay.o
       128         42          0          0          0        216   init.o
        10          0          0          0          0        180   lab4.o
        40          8          0          0          0        196   level1.o
       108         24          0          0          0        212   level2.o
        56         20          0          0          0        196   level3.o
        32         12        192          0        512        736   startup_lpc11xx.o

    ----------------------------------------------------------------------
       576        106        192          0        512       1912   Object Totals
         0          0          0          0          0          0   (incl. Generated)
       194          0          0          0          0          0   (incl. Padding)

    ----------------------------------------------------------------------
         0          0          0          0          0          0   Library Totals
         0          0          0          0          0          0   (incl. Padding)

    ----------------------------------------------------------------------

==============================================================================


      Code (inc. data)   RO Data    RW Data    ZI Data      Debug   

       576        106        192          0        512       1912   Grand Totals
       576        106        192          0        512       1912   ELF Image Totals
       576        106        192          0          0          0   ROM Totals

==============================================================================

    Total RO  Size (Code + RO Data)                  768 (   0.75kB)
    Total RW  Size (RW Data + ZI Data)               512 (   0.50kB)
    Total ROM Size (Code + RO Data + RW Data)        768 (   0.75kB)

==============================================================================

