Component: ARM Compiler 6.16 Tool: armlink [5dfeaa00]

==============================================================================

Section Cross References

    startup_lpc11xx.o(RESET) refers to startup_lpc11xx.o(STACK) for __initial_sp
    startup_lpc11xx.o(RESET) refers to startup_lpc11xx.o(.text) for Reset_Handler
    startup_lpc11xx.o(RESET) refers to timer32_0_irqhandler.o(PROGRAM) for TIMER32_0_IRQHandler
    startup_lpc11xx.o(.text) refers to main.o(FLASH) for SystemInit
    startup_lpc11xx.o(.text) refers to startup_lpc11xx.o(HEAP) for Heap_Mem
    startup_lpc11xx.o(.text) refers to startup_lpc11xx.o(STACK) for Stack_Mem
    main.o(FLASH) refers (Special) to level1_mat1.o(PROGRAM) for Level1_MAT1
    main.o(FLASH) refers (Special) to level2.o(PROGRAM) for Level2
    main.o(FLASH) refers (Special) to part1.o(PROGRAM) for Part1
    main.o(FLASH) refers to configclock.o(PROGRAM) for ConfigClock
    main.o(FLASH) refers to level3.o(PROGRAM) for Level3
    level2.o(PROGRAM) refers to level2configpin.o(PROGRAM) for Level2ConfigPin


==============================================================================

Image Symbol Table

    Local Symbols

    Symbol Name                              Value     Ov Type        Size  Object(Section)

    ConfigClock.s                            0x00000000   Number         0  configclock.o ABSOLUTE
    Level1_MAT1.s                            0x00000000   Number         0  level1_mat1.o ABSOLUTE
    Level2.s                                 0x00000000   Number         0  level2.o ABSOLUTE
    Level2ConfigPin.s                        0x00000000   Number         0  level2configpin.o ABSOLUTE
    Level3.s                                 0x00000000   Number         0  level3.o ABSOLUTE
    Part1.s                                  0x00000000   Number         0  part1.o ABSOLUTE
    TIMER32_0_IRQHandler.s                   0x00000000   Number         0  timer32_0_irqhandler.o ABSOLUTE
    main.s                                   0x00000000   Number         0  main.o ABSOLUTE
    startup_LPC11xx.s                        0x00000000   Number         0  startup_lpc11xx.o ABSOLUTE
    RESET                                    0x00000000   Section      192  startup_lpc11xx.o(RESET)
    .text                                    0x000000c0   Section       52  startup_lpc11xx.o(.text)
    FLASH                                    0x000000f4   Section       24  main.o(FLASH)
    PROGRAM                                  0x0000010c   Section       68  part1.o(PROGRAM)
    PROGRAM                                  0x00000150   Section       76  timer32_0_irqhandler.o(PROGRAM)
    PROGRAM                                  0x0000019c   Section       24  configclock.o(PROGRAM)
    PROGRAM                                  0x000001b4   Section       68  level1_mat1.o(PROGRAM)
    PROGRAM                                  0x000001f8   Section       56  level2.o(PROGRAM)
    PROGRAM                                  0x00000230   Section       60  level2configpin.o(PROGRAM)
    PROGRAM                                  0x0000026c   Section       80  level3.o(PROGRAM)
    .ARM.__at_0x02FC                         0x000002fc   Section        4  startup_lpc11xx.o(.ARM.__at_0x02FC)
    Heap_Mem                                 0x10000000   Data           0  startup_lpc11xx.o(HEAP)
    Stack_Mem                                0x10000000   Data         512  startup_lpc11xx.o(STACK)
    HEAP                                     0x10000000   Section        0  startup_lpc11xx.o(HEAP)
    STACK                                    0x10000000   Section      512  startup_lpc11xx.o(STACK)
    __initial_sp                             0x10000200   Data           0  startup_lpc11xx.o(STACK)

    Global Symbols

    Symbol Name                              Value     Ov Type        Size  Object(Section)

    BuildAttributes$$THM_ISAv3M$S$A:L22$X:L11$S22$IEEE1$~IW$USESV6$~STKCKD$USESV7$~SHL$OSPACE$EBA8$STANDARDLIB$EABIv2 0x00000000   Number         0  anon$$obj.o ABSOLUTE
    __Vectors                                0x00000000   Data           4  startup_lpc11xx.o(RESET)
    __use_two_region_memory                  0x00000000   Number         0  main.o ABSOLUTE
    Reset_Handler                            0x000000c1   Thumb Code     8  startup_lpc11xx.o(.text)
    NMI_Handler                              0x000000c9   Thumb Code     2  startup_lpc11xx.o(.text)
    HardFault_Handler                        0x000000cb   Thumb Code     2  startup_lpc11xx.o(.text)
    SVC_Handler                              0x000000cd   Thumb Code     2  startup_lpc11xx.o(.text)
    PendSV_Handler                           0x000000cf   Thumb Code     2  startup_lpc11xx.o(.text)
    SysTick_Handler                          0x000000d1   Thumb Code     2  startup_lpc11xx.o(.text)
    ADC_IRQHandler                           0x000000d3   Thumb Code     0  startup_lpc11xx.o(.text)
    BOD_IRQHandler                           0x000000d3   Thumb Code     0  startup_lpc11xx.o(.text)
    CAN_IRQHandler                           0x000000d3   Thumb Code     0  startup_lpc11xx.o(.text)
    FMC_IRQHandler                           0x000000d3   Thumb Code     0  startup_lpc11xx.o(.text)
    I2C_IRQHandler                           0x000000d3   Thumb Code     0  startup_lpc11xx.o(.text)
    PIOINT0_IRQHandler                       0x000000d3   Thumb Code     0  startup_lpc11xx.o(.text)
    PIOINT1_IRQHandler                       0x000000d3   Thumb Code     0  startup_lpc11xx.o(.text)
    PIOINT2_IRQHandler                       0x000000d3   Thumb Code     0  startup_lpc11xx.o(.text)
    PIOINT3_IRQHandler                       0x000000d3   Thumb Code     0  startup_lpc11xx.o(.text)
    SSP0_IRQHandler                          0x000000d3   Thumb Code     0  startup_lpc11xx.o(.text)
    SSP1_IRQHandler                          0x000000d3   Thumb Code     0  startup_lpc11xx.o(.text)
    TIMER16_0_IRQHandler                     0x000000d3   Thumb Code     0  startup_lpc11xx.o(.text)
    TIMER16_1_IRQHandler                     0x000000d3   Thumb Code     0  startup_lpc11xx.o(.text)
    TIMER32_1_IRQHandler                     0x000000d3   Thumb Code     0  startup_lpc11xx.o(.text)
    UART_IRQHandler                          0x000000d3   Thumb Code     0  startup_lpc11xx.o(.text)
    USB_FIQHandler                           0x000000d3   Thumb Code     0  startup_lpc11xx.o(.text)
    USB_IRQHandler                           0x000000d3   Thumb Code     0  startup_lpc11xx.o(.text)
    WAKEUP_IRQHandler                        0x000000d3   Thumb Code     0  startup_lpc11xx.o(.text)
    WDT_IRQHandler                           0x000000d3   Thumb Code     0  startup_lpc11xx.o(.text)
    __user_initial_stackheap                 0x000000d5   Thumb Code     0  startup_lpc11xx.o(.text)
    SystemInit                               0x000000f5   Thumb Code     0  main.o(FLASH)
    __main                                   0x000000f5   Thumb Code     0  main.o(FLASH)
    Part1                                    0x0000010d   Thumb Code     0  part1.o(PROGRAM)
    TIMER32_0_IRQHandler                     0x00000151   Thumb Code     0  timer32_0_irqhandler.o(PROGRAM)
    ConfigClock                              0x0000019d   Thumb Code     0  configclock.o(PROGRAM)
    Level1_MAT1                              0x000001b5   Thumb Code     0  level1_mat1.o(PROGRAM)
    Level2                                   0x000001f9   Thumb Code     0  level2.o(PROGRAM)
    Level2ConfigPin                          0x00000231   Thumb Code     0  level2configpin.o(PROGRAM)
    Level3                                   0x0000026d   Thumb Code     0  level3.o(PROGRAM)



==============================================================================

Memory Map of the image

  Image Entry point : 0x000000f5

  Load Region LR_IROM1 (Base: 0x00000000, Size: 0x00000300, Max: 0x00008000, ABSOLUTE)

    Execution Region ER_IROM1 (Exec base: 0x00000000, Load base: 0x00000000, Size: 0x00000300, Max: 0x00008000, ABSOLUTE)

    Exec Addr    Load Addr    Size         Type   Attr      Idx    E Section Name        Object

    0x00000000   0x00000000   0x000000c0   Data   RO            3    RESET               startup_lpc11xx.o
    0x000000c0   0x000000c0   0x00000034   Code   RO            5    .text               startup_lpc11xx.o
    0x000000f4   0x000000f4   0x00000018   Code   RO           13  * FLASH               main.o
    0x0000010c   0x0000010c   0x00000044   Code   RO           16    PROGRAM             part1.o
    0x00000150   0x00000150   0x0000004c   Code   RO           19    PROGRAM             timer32_0_irqhandler.o
    0x0000019c   0x0000019c   0x00000018   Code   RO           22    PROGRAM             configclock.o
    0x000001b4   0x000001b4   0x00000044   Code   RO           25    PROGRAM             level1_mat1.o
    0x000001f8   0x000001f8   0x00000038   Code   RO           28    PROGRAM             level2.o
    0x00000230   0x00000230   0x0000003c   Code   RO           31    PROGRAM             level2configpin.o
    0x0000026c   0x0000026c   0x00000050   Code   RO           34    PROGRAM             level3.o
    0x000002bc   0x000002bc   0x00000040   PAD
    0x000002fc   0x000002fc   0x00000004   Code   RO            4    .ARM.__at_0x02FC    startup_lpc11xx.o


    Execution Region RW_IRAM1 (Exec base: 0x10000000, Load base: 0x00000300, Size: 0x00000200, Max: 0x00001000, ABSOLUTE)

    Exec Addr    Load Addr    Size         Type   Attr      Idx    E Section Name        Object

    0x10000000        -       0x00000000   Zero   RW            2    HEAP                startup_lpc11xx.o
    0x10000000        -       0x00000200   Zero   RW            1    STACK               startup_lpc11xx.o


==============================================================================

Image component sizes


      Code (inc. data)   RO Data    RW Data    ZI Data      Debug   Object Name

        24         10          0          0          0        240   configclock.o
        68         30          0          0          0        252   level1_mat1.o
        56         24          0          0          0        240   level2.o
        60         26          0          0          0        260   level2configpin.o
        80         36          0          0          0        248   level3.o
        24          6          0          0          0        232   main.o
        68         30          0          0          0        244   part1.o
        56         26        192          0        512        836   startup_lpc11xx.o
        76         26          0          0          0        280   timer32_0_irqhandler.o

    ----------------------------------------------------------------------
       576        278        192          0        512       2832   Object Totals
         0          0          0          0          0          0   (incl. Generated)
        64         64          0          0          0          0   (incl. Padding)

    ----------------------------------------------------------------------
         0          0          0          0          0          0   Library Totals
         0          0          0          0          0          0   (incl. Padding)

    ----------------------------------------------------------------------

==============================================================================


      Code (inc. data)   RO Data    RW Data    ZI Data      Debug   

       576        278        192          0        512       2832   Grand Totals
       576        278        192          0        512       2832   ELF Image Totals
       576        278        192          0          0          0   ROM Totals

==============================================================================

    Total RO  Size (Code + RO Data)                  768 (   0.75kB)
    Total RW  Size (RW Data + ZI Data)               512 (   0.50kB)
    Total ROM Size (Code + RO Data + RW Data)        768 (   0.75kB)

==============================================================================

