Component: ARM Compiler 6.16 Tool: armlink [5dfeaa00]

==============================================================================

Section Cross References

    startup_lpc11xx.o(RESET) refers to startup_lpc11xx.o(STACK) for __initial_sp
    startup_lpc11xx.o(RESET) refers to startup_lpc11xx.o(.text) for Reset_Handler
    startup_lpc11xx.o(RESET) refers to pioint0_irqhandler.o(PROGRAM) for PIOINT0_IRQHandler
    startup_lpc11xx.o(.text) refers to main.o(FLASH) for SystemInit
    startup_lpc11xx.o(.text) refers to startup_lpc11xx.o(HEAP) for Heap_Mem
    startup_lpc11xx.o(.text) refers to startup_lpc11xx.o(STACK) for Stack_Mem
    main.o(FLASH) refers (Special) to busywait.o(PROGRAM) for BusyWait
    main.o(FLASH) refers (Special) to pioint0_irqhandler.o(PROGRAM) for PIOINT0_IRQHandler
    main.o(FLASH) refers to lcd_init.o(PROGRAM) for LCD_init
    main.o(FLASH) refers to keypad_init.o(PROGRAM) for Keypad_init
    main.o(FLASH) refers to lcd_config_dir.o(program) for LCD_config_dir
    main.o(FLASH) refers to lcd_command.o(PROGRAM) for LCD_command
    main.o(FLASH) refers to convertkeynum.o(program) for convertKeyNum
    main.o(FLASH) refers to keypad_config_dir.o(program) for Keypad_config_dir
    pioint0_irqhandler.o(PROGRAM) refers (Special) to keypad_config_dir.o(program) for Keypad_config_dir
    pioint0_irqhandler.o(PROGRAM) refers (Special) to keypad_init.o(PROGRAM) for Keypad_init
    pioint0_irqhandler.o(PROGRAM) refers (Special) to lcd_command.o(PROGRAM) for LCD_command
    pioint0_irqhandler.o(PROGRAM) refers (Special) to lcd_config_dir.o(program) for LCD_config_dir
    pioint0_irqhandler.o(PROGRAM) refers (Special) to lcd_init.o(PROGRAM) for LCD_init
    pioint0_irqhandler.o(PROGRAM) refers to busywait.o(PROGRAM) for BusyWait
    lcd_init.o(PROGRAM) refers to busywait.o(PROGRAM) for BusyWait
    lcd_init.o(PROGRAM) refers to lcd_command.o(PROGRAM) for LCD_command
    lcd_command.o(PROGRAM) refers to busywait.o(PROGRAM) for BusyWait


==============================================================================

Image Symbol Table

    Local Symbols

    Symbol Name                              Value     Ov Type        Size  Object(Section)

    BusyWait.s                               0x00000000   Number         0  busywait.o ABSOLUTE
    Keypad_config_dir.s                      0x00000000   Number         0  keypad_config_dir.o ABSOLUTE
    Keypad_init.s                            0x00000000   Number         0  keypad_init.o ABSOLUTE
    LCD_command.s                            0x00000000   Number         0  lcd_command.o ABSOLUTE
    LCD_config_dir.s                         0x00000000   Number         0  lcd_config_dir.o ABSOLUTE
    LCD_init.s                               0x00000000   Number         0  lcd_init.o ABSOLUTE
    PIOINT0_IRQHandler.s                     0x00000000   Number         0  pioint0_irqhandler.o ABSOLUTE
    convertKeyNum.s                          0x00000000   Number         0  convertkeynum.o ABSOLUTE
    main.s                                   0x00000000   Number         0  main.o ABSOLUTE
    startup_LPC11xx.s                        0x00000000   Number         0  startup_lpc11xx.o ABSOLUTE
    RESET                                    0x00000000   Section      192  startup_lpc11xx.o(RESET)
    .text                                    0x000000c0   Section       52  startup_lpc11xx.o(.text)
    FLASH                                    0x000000f4   Section       96  main.o(FLASH)
    PROGRAM                                  0x00000154   Section      224  pioint0_irqhandler.o(PROGRAM)
    PROGRAM                                  0x00000234   Section      144  keypad_init.o(PROGRAM)
    PROGRAM                                  0x000002c4   Section        8  busywait.o(PROGRAM)
    program                                  0x000002cc   Section       32  convertkeynum.o(program)
    Chars                                    0x000002d4   Data          17  convertkeynum.o(program)
    .ARM.__at_0x02FC                         0x000002fc   Section        4  startup_lpc11xx.o(.ARM.__at_0x02FC)
    PROGRAM                                  0x00000300   Section      136  lcd_init.o(PROGRAM)
    PROGRAM                                  0x00000388   Section      148  lcd_command.o(PROGRAM)
    program                                  0x0000041c   Section       60  lcd_config_dir.o(program)
    program                                  0x00000458   Section       60  keypad_config_dir.o(program)
    Heap_Mem                                 0x10000000   Data           0  startup_lpc11xx.o(HEAP)
    Stack_Mem                                0x10000000   Data         512  startup_lpc11xx.o(STACK)
    HEAP                                     0x10000000   Section        0  startup_lpc11xx.o(HEAP)
    STACK                                    0x10000000   Section      512  startup_lpc11xx.o(STACK)
    __initial_sp                             0x10000200   Data           0  startup_lpc11xx.o(STACK)

    Global Symbols

    Symbol Name                              Value     Ov Type        Size  Object(Section)

    BuildAttributes$$THM_ISAv3M$S$A:L22$X:L11$S22$IEEE1$~IW$USESV6$~STKCKD$USESV7$~SHL$OSPACE$EBA8$STANDARDLIB$EABIv2 0x00000000   Number         0  anon$$obj.o ABSOLUTE
    __Vectors                                0x00000000   Data           4  startup_lpc11xx.o(RESET)
    __use_two_region_memory                  0x00000000   Number         0  main.o ABSOLUTE
    Reset_Handler                            0x000000c1   Thumb Code     8  startup_lpc11xx.o(.text)
    NMI_Handler                              0x000000c9   Thumb Code     2  startup_lpc11xx.o(.text)
    HardFault_Handler                        0x000000cb   Thumb Code     2  startup_lpc11xx.o(.text)
    SVC_Handler                              0x000000cd   Thumb Code     2  startup_lpc11xx.o(.text)
    PendSV_Handler                           0x000000cf   Thumb Code     2  startup_lpc11xx.o(.text)
    SysTick_Handler                          0x000000d1   Thumb Code     2  startup_lpc11xx.o(.text)
    ADC_IRQHandler                           0x000000d3   Thumb Code     0  startup_lpc11xx.o(.text)
    BOD_IRQHandler                           0x000000d3   Thumb Code     0  startup_lpc11xx.o(.text)
    CAN_IRQHandler                           0x000000d3   Thumb Code     0  startup_lpc11xx.o(.text)
    FMC_IRQHandler                           0x000000d3   Thumb Code     0  startup_lpc11xx.o(.text)
    I2C_IRQHandler                           0x000000d3   Thumb Code     0  startup_lpc11xx.o(.text)
    PIOINT1_IRQHandler                       0x000000d3   Thumb Code     0  startup_lpc11xx.o(.text)
    PIOINT2_IRQHandler                       0x000000d3   Thumb Code     0  startup_lpc11xx.o(.text)
    PIOINT3_IRQHandler                       0x000000d3   Thumb Code     0  startup_lpc11xx.o(.text)
    SSP0_IRQHandler                          0x000000d3   Thumb Code     0  startup_lpc11xx.o(.text)
    SSP1_IRQHandler                          0x000000d3   Thumb Code     0  startup_lpc11xx.o(.text)
    TIMER16_0_IRQHandler                     0x000000d3   Thumb Code     0  startup_lpc11xx.o(.text)
    TIMER16_1_IRQHandler                     0x000000d3   Thumb Code     0  startup_lpc11xx.o(.text)
    TIMER32_0_IRQHandler                     0x000000d3   Thumb Code     0  startup_lpc11xx.o(.text)
    TIMER32_1_IRQHandler                     0x000000d3   Thumb Code     0  startup_lpc11xx.o(.text)
    UART_IRQHandler                          0x000000d3   Thumb Code     0  startup_lpc11xx.o(.text)
    USB_FIQHandler                           0x000000d3   Thumb Code     0  startup_lpc11xx.o(.text)
    USB_IRQHandler                           0x000000d3   Thumb Code     0  startup_lpc11xx.o(.text)
    WAKEUP_IRQHandler                        0x000000d3   Thumb Code     0  startup_lpc11xx.o(.text)
    WDT_IRQHandler                           0x000000d3   Thumb Code     0  startup_lpc11xx.o(.text)
    __user_initial_stackheap                 0x000000d5   Thumb Code     0  startup_lpc11xx.o(.text)
    SystemInit                               0x000000f5   Thumb Code     0  main.o(FLASH)
    __main                                   0x000000f5   Thumb Code     0  main.o(FLASH)
    PIOINT0_IRQHandler                       0x00000155   Thumb Code     0  pioint0_irqhandler.o(PROGRAM)
    Keypad_init                              0x00000235   Thumb Code     0  keypad_init.o(PROGRAM)
    BusyWait                                 0x000002c5   Thumb Code     0  busywait.o(PROGRAM)
    convertKeyNum                            0x000002cd   Thumb Code     0  convertkeynum.o(program)
    LCD_init                                 0x00000301   Thumb Code     0  lcd_init.o(PROGRAM)
    LCD_command                              0x00000389   Thumb Code     0  lcd_command.o(PROGRAM)
    LCD_config_dir                           0x0000041d   Thumb Code     0  lcd_config_dir.o(program)
    Keypad_config_dir                        0x00000459   Thumb Code     0  keypad_config_dir.o(program)



==============================================================================

Memory Map of the image

  Image Entry point : 0x000000f5

  Load Region LR_IROM1 (Base: 0x00000000, Size: 0x00000494, Max: 0x00008000, ABSOLUTE)

    Execution Region ER_IROM1 (Exec base: 0x00000000, Load base: 0x00000000, Size: 0x00000494, Max: 0x00008000, ABSOLUTE)

    Exec Addr    Load Addr    Size         Type   Attr      Idx    E Section Name        Object

    0x00000000   0x00000000   0x000000c0   Data   RO            3    RESET               startup_lpc11xx.o
    0x000000c0   0x000000c0   0x00000034   Code   RO            5    .text               startup_lpc11xx.o
    0x000000f4   0x000000f4   0x00000060   Code   RO           13  * FLASH               main.o
    0x00000154   0x00000154   0x000000e0   Code   RO           16    PROGRAM             pioint0_irqhandler.o
    0x00000234   0x00000234   0x00000090   Code   RO           19    PROGRAM             keypad_init.o
    0x000002c4   0x000002c4   0x00000008   Code   RO           25    PROGRAM             busywait.o
    0x000002cc   0x000002cc   0x00000020   Code   RO           37    program             convertkeynum.o
    0x000002ec   0x000002ec   0x00000010   PAD
    0x000002fc   0x000002fc   0x00000004   Code   RO            4    .ARM.__at_0x02FC    startup_lpc11xx.o
    0x00000300   0x00000300   0x00000088   Code   RO           22    PROGRAM             lcd_init.o
    0x00000388   0x00000388   0x00000094   Code   RO           28    PROGRAM             lcd_command.o
    0x0000041c   0x0000041c   0x0000003c   Code   RO           31    program             lcd_config_dir.o
    0x00000458   0x00000458   0x0000003c   Code   RO           34    program             keypad_config_dir.o


    Execution Region RW_IRAM1 (Exec base: 0x10000000, Load base: 0x00000494, Size: 0x00000200, Max: 0x00001000, ABSOLUTE)

    Exec Addr    Load Addr    Size         Type   Attr      Idx    E Section Name        Object

    0x10000000        -       0x00000000   Zero   RW            2    HEAP                startup_lpc11xx.o
    0x10000000        -       0x00000200   Zero   RW            1    STACK               startup_lpc11xx.o


==============================================================================

Image component sizes


      Code (inc. data)   RO Data    RW Data    ZI Data      Debug   Object Name

         8          0          0          0          0        360   busywait.o
        32         24          0          0          0        364   convertkeynum.o
        60         24          0          0          0        388   keypad_config_dir.o
       144         62          0          0          0        404   keypad_init.o
       148         26          0          0          0        420   lcd_command.o
        60         20          0          0          0        384   lcd_config_dir.o
       136         36          0          0          0        396   lcd_init.o
        96          8          0          0          0        380   main.o
       224         20          0          0          0        472   pioint0_irqhandler.o
        56         26        192          0        512       1088   startup_lpc11xx.o

    ----------------------------------------------------------------------
       980        262        192          0        512       4656   Object Totals
         0          0          0          0          0          0   (incl. Generated)
        16         16          0          0          0          0   (incl. Padding)

    ----------------------------------------------------------------------
         0          0          0          0          0          0   Library Totals
         0          0          0          0          0          0   (incl. Padding)

    ----------------------------------------------------------------------

==============================================================================


      Code (inc. data)   RO Data    RW Data    ZI Data      Debug   

       980        262        192          0        512       4656   Grand Totals
       980        262        192          0        512       4656   ELF Image Totals
       980        262        192          0          0          0   ROM Totals

==============================================================================

    Total RO  Size (Code + RO Data)                 1172 (   1.14kB)
    Total RW  Size (RW Data + ZI Data)               512 (   0.50kB)
    Total ROM Size (Code + RO Data + RW Data)       1172 (   1.14kB)

==============================================================================

