Component: ARM Compiler 6.16 Tool: armlink [5dfeaa00]

==============================================================================

Section Cross References

    startup_lpc11xx.o(RESET) refers to startup_lpc11xx.o(STACK) for __initial_sp
    startup_lpc11xx.o(RESET) refers to startup_lpc11xx.o(.text) for Reset_Handler
    startup_lpc11xx.o(RESET) refers to pioint0_irqhandler.o(PROGRAM) for PIOINT0_IRQHandler
    startup_lpc11xx.o(.text) refers to main.o(FLASH) for SystemInit
    startup_lpc11xx.o(.text) refers to startup_lpc11xx.o(HEAP) for Heap_Mem
    startup_lpc11xx.o(.text) refers to startup_lpc11xx.o(STACK) for Stack_Mem
    main.o(FLASH) refers (Special) to busywait.o(PROGRAM) for BusyWait
    main.o(FLASH) refers (Special) to pioint0_irqhandler.o(PROGRAM) for PIOINT0_IRQHandler
    main.o(FLASH) refers to lcd_init.o(PROGRAM) for LCD_init
    main.o(FLASH) refers to keypad_init.o(PROGRAM) for Keypad_init
    main.o(FLASH) refers to print_character.o(program) for Print_Character
    pioint0_irqhandler.o(PROGRAM) refers (Special) to keypad_config_dir.o(program) for Keypad_config_dir
    pioint0_irqhandler.o(PROGRAM) refers (Special) to keypad_init.o(PROGRAM) for Keypad_init
    pioint0_irqhandler.o(PROGRAM) refers (Special) to lcd_command.o(PROGRAM) for LCD_command
    pioint0_irqhandler.o(PROGRAM) refers (Special) to lcd_config_dir.o(program) for LCD_config_dir
    pioint0_irqhandler.o(PROGRAM) refers (Special) to lcd_init.o(PROGRAM) for LCD_init
    pioint0_irqhandler.o(PROGRAM) refers to disablep0interrupt.o(program) for DisableP0Interrupt
    pioint0_irqhandler.o(PROGRAM) refers to busywait.o(PROGRAM) for BusyWait
    pioint0_irqhandler.o(PROGRAM) refers to get_key_num.o(program) for get_key_num
    pioint0_irqhandler.o(PROGRAM) refers to wait_for_key_release.o(program) for wait_for_key_release
    pioint0_irqhandler.o(PROGRAM) refers to enablep0interrupt.o(program) for EnableP0Interrupt
    lcd_init.o(PROGRAM) refers to busywait.o(PROGRAM) for BusyWait
    lcd_init.o(PROGRAM) refers to lcd_command.o(PROGRAM) for LCD_command
    lcd_command.o(PROGRAM) refers to busywait.o(PROGRAM) for BusyWait
    lcd_config_dir.o(program) refers to disablep0interrupt.o(program) for DisableP0Interrupt
    keypad_config_dir.o(program) refers to enablep0interrupt.o(program) for EnableP0Interrupt
    print_character.o(program) refers to lcd_config_dir.o(program) for LCD_config_dir
    print_character.o(program) refers to lcd_command.o(PROGRAM) for LCD_command
    print_character.o(program) refers to convertkeynum.o(program) for convertKeyNum
    print_character.o(program) refers to keypad_config_dir.o(program) for Keypad_config_dir


==============================================================================

Image Symbol Table

    Local Symbols

    Symbol Name                              Value     Ov Type        Size  Object(Section)

    BusyWait.s                               0x00000000   Number         0  busywait.o ABSOLUTE
    DisableP0Interrupt.s                     0x00000000   Number         0  disablep0interrupt.o ABSOLUTE
    EnableP0Interrupt.s                      0x00000000   Number         0  enablep0interrupt.o ABSOLUTE
    Keypad_config_dir.s                      0x00000000   Number         0  keypad_config_dir.o ABSOLUTE
    Keypad_init.s                            0x00000000   Number         0  keypad_init.o ABSOLUTE
    LCD_command.s                            0x00000000   Number         0  lcd_command.o ABSOLUTE
    LCD_config_dir.s                         0x00000000   Number         0  lcd_config_dir.o ABSOLUTE
    LCD_init.s                               0x00000000   Number         0  lcd_init.o ABSOLUTE
    PIOINT0_IRQHandler.s                     0x00000000   Number         0  pioint0_irqhandler.o ABSOLUTE
    Print_Character.s                        0x00000000   Number         0  print_character.o ABSOLUTE
    convertKeyNum.s                          0x00000000   Number         0  convertkeynum.o ABSOLUTE
    get_key_num.s                            0x00000000   Number         0  get_key_num.o ABSOLUTE
    main.s                                   0x00000000   Number         0  main.o ABSOLUTE
    startup_LPC11xx.s                        0x00000000   Number         0  startup_lpc11xx.o ABSOLUTE
    wait_for_key_release.s                   0x00000000   Number         0  wait_for_key_release.o ABSOLUTE
    RESET                                    0x00000000   Section      192  startup_lpc11xx.o(RESET)
    .text                                    0x000000c0   Section       52  startup_lpc11xx.o(.text)
    FLASH                                    0x000000f4   Section       44  main.o(FLASH)
    PROGRAM                                  0x00000120   Section       40  pioint0_irqhandler.o(PROGRAM)
    PROGRAM                                  0x00000148   Section      144  keypad_init.o(PROGRAM)
    PROGRAM                                  0x000001d8   Section      136  lcd_init.o(PROGRAM)
    PROGRAM                                  0x00000260   Section        8  busywait.o(PROGRAM)
    PROGRAM                                  0x00000268   Section      148  lcd_command.o(PROGRAM)
    .ARM.__at_0x02FC                         0x000002fc   Section        4  startup_lpc11xx.o(.ARM.__at_0x02FC)
    program                                  0x00000300   Section       40  lcd_config_dir.o(program)
    program                                  0x00000328   Section       40  keypad_config_dir.o(program)
    program                                  0x00000350   Section       32  convertkeynum.o(program)
    Chars                                    0x00000358   Data          17  convertkeynum.o(program)
    program                                  0x00000370   Section       68  get_key_num.o(program)
    program                                  0x000003b4   Section       32  wait_for_key_release.o(program)
    program                                  0x000003d4   Section       62  print_character.o(program)
    program                                  0x00000414   Section       28  enablep0interrupt.o(program)
    program                                  0x00000430   Section       28  disablep0interrupt.o(program)
    Heap_Mem                                 0x10000000   Data           0  startup_lpc11xx.o(HEAP)
    Stack_Mem                                0x10000000   Data         512  startup_lpc11xx.o(STACK)
    HEAP                                     0x10000000   Section        0  startup_lpc11xx.o(HEAP)
    STACK                                    0x10000000   Section      512  startup_lpc11xx.o(STACK)
    __initial_sp                             0x10000200   Data           0  startup_lpc11xx.o(STACK)

    Global Symbols

    Symbol Name                              Value     Ov Type        Size  Object(Section)

    BuildAttributes$$THM_ISAv3M$S$A:L22$X:L11$S22$IEEE1$~IW$USESV6$~STKCKD$USESV7$~SHL$OSPACE$EBA8$STANDARDLIB$EABIv2 0x00000000   Number         0  anon$$obj.o ABSOLUTE
    __Vectors                                0x00000000   Data           4  startup_lpc11xx.o(RESET)
    __use_two_region_memory                  0x00000000   Number         0  main.o ABSOLUTE
    Reset_Handler                            0x000000c1   Thumb Code     8  startup_lpc11xx.o(.text)
    NMI_Handler                              0x000000c9   Thumb Code     2  startup_lpc11xx.o(.text)
    HardFault_Handler                        0x000000cb   Thumb Code     2  startup_lpc11xx.o(.text)
    SVC_Handler                              0x000000cd   Thumb Code     2  startup_lpc11xx.o(.text)
    PendSV_Handler                           0x000000cf   Thumb Code     2  startup_lpc11xx.o(.text)
    SysTick_Handler                          0x000000d1   Thumb Code     2  startup_lpc11xx.o(.text)
    ADC_IRQHandler                           0x000000d3   Thumb Code     0  startup_lpc11xx.o(.text)
    BOD_IRQHandler                           0x000000d3   Thumb Code     0  startup_lpc11xx.o(.text)
    CAN_IRQHandler                           0x000000d3   Thumb Code     0  startup_lpc11xx.o(.text)
    FMC_IRQHandler                           0x000000d3   Thumb Code     0  startup_lpc11xx.o(.text)
    I2C_IRQHandler                           0x000000d3   Thumb Code     0  startup_lpc11xx.o(.text)
    PIOINT1_IRQHandler                       0x000000d3   Thumb Code     0  startup_lpc11xx.o(.text)
    PIOINT2_IRQHandler                       0x000000d3   Thumb Code     0  startup_lpc11xx.o(.text)
    PIOINT3_IRQHandler                       0x000000d3   Thumb Code     0  startup_lpc11xx.o(.text)
    SSP0_IRQHandler                          0x000000d3   Thumb Code     0  startup_lpc11xx.o(.text)
    SSP1_IRQHandler                          0x000000d3   Thumb Code     0  startup_lpc11xx.o(.text)
    TIMER16_0_IRQHandler                     0x000000d3   Thumb Code     0  startup_lpc11xx.o(.text)
    TIMER16_1_IRQHandler                     0x000000d3   Thumb Code     0  startup_lpc11xx.o(.text)
    TIMER32_0_IRQHandler                     0x000000d3   Thumb Code     0  startup_lpc11xx.o(.text)
    TIMER32_1_IRQHandler                     0x000000d3   Thumb Code     0  startup_lpc11xx.o(.text)
    UART_IRQHandler                          0x000000d3   Thumb Code     0  startup_lpc11xx.o(.text)
    USB_FIQHandler                           0x000000d3   Thumb Code     0  startup_lpc11xx.o(.text)
    USB_IRQHandler                           0x000000d3   Thumb Code     0  startup_lpc11xx.o(.text)
    WAKEUP_IRQHandler                        0x000000d3   Thumb Code     0  startup_lpc11xx.o(.text)
    WDT_IRQHandler                           0x000000d3   Thumb Code     0  startup_lpc11xx.o(.text)
    __user_initial_stackheap                 0x000000d5   Thumb Code     0  startup_lpc11xx.o(.text)
    SystemInit                               0x000000f5   Thumb Code     0  main.o(FLASH)
    __main                                   0x000000f5   Thumb Code     0  main.o(FLASH)
    PIOINT0_IRQHandler                       0x00000121   Thumb Code     0  pioint0_irqhandler.o(PROGRAM)
    Keypad_init                              0x00000149   Thumb Code     0  keypad_init.o(PROGRAM)
    LCD_init                                 0x000001d9   Thumb Code     0  lcd_init.o(PROGRAM)
    BusyWait                                 0x00000261   Thumb Code     0  busywait.o(PROGRAM)
    LCD_command                              0x00000269   Thumb Code     0  lcd_command.o(PROGRAM)
    LCD_config_dir                           0x00000301   Thumb Code     0  lcd_config_dir.o(program)
    Keypad_config_dir                        0x00000329   Thumb Code     0  keypad_config_dir.o(program)
    convertKeyNum                            0x00000351   Thumb Code     0  convertkeynum.o(program)
    get_key_num                              0x00000371   Thumb Code     0  get_key_num.o(program)
    wait_for_key_release                     0x000003b5   Thumb Code     0  wait_for_key_release.o(program)
    Print_Character                          0x000003d5   Thumb Code     0  print_character.o(program)
    EnableP0Interrupt                        0x00000415   Thumb Code     0  enablep0interrupt.o(program)
    DisableP0Interrupt                       0x00000431   Thumb Code     0  disablep0interrupt.o(program)



==============================================================================

Memory Map of the image

  Image Entry point : 0x000000f5

  Load Region LR_IROM1 (Base: 0x00000000, Size: 0x0000044c, Max: 0x00008000, ABSOLUTE)

    Execution Region ER_IROM1 (Exec base: 0x00000000, Load base: 0x00000000, Size: 0x0000044c, Max: 0x00008000, ABSOLUTE)

    Exec Addr    Load Addr    Size         Type   Attr      Idx    E Section Name        Object

    0x00000000   0x00000000   0x000000c0   Data   RO            3    RESET               startup_lpc11xx.o
    0x000000c0   0x000000c0   0x00000034   Code   RO            5    .text               startup_lpc11xx.o
    0x000000f4   0x000000f4   0x0000002c   Code   RO           13  * FLASH               main.o
    0x00000120   0x00000120   0x00000028   Code   RO           16    PROGRAM             pioint0_irqhandler.o
    0x00000148   0x00000148   0x00000090   Code   RO           19    PROGRAM             keypad_init.o
    0x000001d8   0x000001d8   0x00000088   Code   RO           22    PROGRAM             lcd_init.o
    0x00000260   0x00000260   0x00000008   Code   RO           25    PROGRAM             busywait.o
    0x00000268   0x00000268   0x00000094   Code   RO           28    PROGRAM             lcd_command.o
    0x000002fc   0x000002fc   0x00000004   Code   RO            4    .ARM.__at_0x02FC    startup_lpc11xx.o
    0x00000300   0x00000300   0x00000028   Code   RO           31    program             lcd_config_dir.o
    0x00000328   0x00000328   0x00000028   Code   RO           34    program             keypad_config_dir.o
    0x00000350   0x00000350   0x00000020   Code   RO           37    program             convertkeynum.o
    0x00000370   0x00000370   0x00000044   Code   RO           40    program             get_key_num.o
    0x000003b4   0x000003b4   0x00000020   Code   RO           43    program             wait_for_key_release.o
    0x000003d4   0x000003d4   0x0000003e   Code   RO           46    program             print_character.o
    0x00000412   0x00000412   0x00000002   PAD
    0x00000414   0x00000414   0x0000001c   Code   RO           49    program             enablep0interrupt.o
    0x00000430   0x00000430   0x0000001c   Code   RO           52    program             disablep0interrupt.o


    Execution Region RW_IRAM1 (Exec base: 0x10000000, Load base: 0x0000044c, Size: 0x00000200, Max: 0x00001000, ABSOLUTE)

    Exec Addr    Load Addr    Size         Type   Attr      Idx    E Section Name        Object

    0x10000000        -       0x00000000   Zero   RW            2    HEAP                startup_lpc11xx.o
    0x10000000        -       0x00000200   Zero   RW            1    STACK               startup_lpc11xx.o


==============================================================================

Image component sizes


      Code (inc. data)   RO Data    RW Data    ZI Data      Debug   Object Name

         8          0          0          0          0        332   busywait.o
        32         24          0          0          0        336   convertkeynum.o
        28          8          0          0          0        356   disablep0interrupt.o
        28          8          0          0          0        352   enablep0interrupt.o
        68          8          0          0          0        360   get_key_num.o
        40         16          0          0          0        356   keypad_config_dir.o
       144         62          0          0          0        372   keypad_init.o
       148         26          0          0          0        388   lcd_command.o
        40         12          0          0          0        348   lcd_config_dir.o
       136         36          0          0          0        368   lcd_init.o
        44         10          0          0          0        332   main.o
        40          6          0          0          0        356   pioint0_irqhandler.o
        62          0          0          0          0        360   print_character.o
        56         26        192          0        512       1028   startup_lpc11xx.o
        32         10          0          0          0        360   wait_for_key_release.o

    ----------------------------------------------------------------------
       908        252        192          0        512       6004   Object Totals
         0          0          0          0          0          0   (incl. Generated)
         2          0          0          0          0          0   (incl. Padding)

    ----------------------------------------------------------------------
         0          0          0          0          0          0   Library Totals
         0          0          0          0          0          0   (incl. Padding)

    ----------------------------------------------------------------------

==============================================================================


      Code (inc. data)   RO Data    RW Data    ZI Data      Debug   

       908        252        192          0        512       6004   Grand Totals
       908        252        192          0        512       6004   ELF Image Totals
       908        252        192          0          0          0   ROM Totals

==============================================================================

    Total RO  Size (Code + RO Data)                 1100 (   1.07kB)
    Total RW  Size (RW Data + ZI Data)               512 (   0.50kB)
    Total ROM Size (Code + RO Data + RW Data)       1100 (   1.07kB)

==============================================================================

