Component: ARM Compiler 6.16 Tool: armlink [5dfeaa00]

==============================================================================

Section Cross References

    startup_lpc11xx.o(RESET) refers to startup_lpc11xx.o(STACK) for __initial_sp
    startup_lpc11xx.o(RESET) refers to startup_lpc11xx.o(.text) for Reset_Handler
    startup_lpc11xx.o(RESET) refers to timer32_0_irqhandler.o(PROGRAM) for TIMER32_0_IRQHandler
    startup_lpc11xx.o(RESET) refers to timer32_1_irqhandler.o(PROGRAM) for TIMER32_1_IRQHandler
    startup_lpc11xx.o(RESET) refers to pioint0_irqhandler.o(PROGRAM) for PIOINT0_IRQHandler
    startup_lpc11xx.o(.text) refers to main.o(FLASH) for SystemInit
    main.o(FLASH) refers (Special) to print_string.o(PROGRAM) for print_string
    main.o(FLASH) refers to configclock.o(PROGRAM) for ConfigClock
    main.o(FLASH) refers to channel_init.o(PROGRAM) for channel_init
    main.o(FLASH) refers to capture_init.o(PROGRAM) for capture_init
    main.o(FLASH) refers to lcd_init.o(PROGRAM) for LCD_init
    main.o(FLASH) refers to keypad_init.o(PROGRAM) for Keypad_init
    main.o(FLASH) refers to processinputs.o(PROGRAM) for processInputs
    lcd_command.o(PROGRAM) refers to busywait.o(PROGRAM) for BusyWait
    lcd_init.o(PROGRAM) refers to busywait.o(PROGRAM) for BusyWait
    lcd_init.o(PROGRAM) refers to lcd_command.o(PROGRAM) for LCD_command
    print_string.o(PROGRAM) refers to lcd_command.o(PROGRAM) for LCD_command
    lcd_config_dir.o(program) refers to disablep0interrupt.o(program) for DisableP0Interrupt
    keypad_config_dir.o(program) refers to enablep0interrupt.o(program) for EnableP0Interrupt
    pioint0_irqhandler.o(PROGRAM) refers to disablep0interrupt.o(program) for DisableP0Interrupt
    pioint0_irqhandler.o(PROGRAM) refers to busywait.o(PROGRAM) for BusyWait
    pioint0_irqhandler.o(PROGRAM) refers to get_key_num.o(program) for get_key_num
    pioint0_irqhandler.o(PROGRAM) refers to wait_for_key_release.o(program) for wait_for_key_release
    pioint0_irqhandler.o(PROGRAM) refers to enablep0interrupt.o(program) for EnableP0Interrupt
    print_character.o(PROGRAM) refers to lcd_command.o(PROGRAM) for LCD_command
    entertx.o(PROGRAM) refers to lcd_config_dir.o(program) for LCD_config_dir
    entertx.o(PROGRAM) refers to lcd_command.o(PROGRAM) for LCD_command
    entertx.o(PROGRAM) refers to print_string.o(PROGRAM) for print_string
    entertx.o(PROGRAM) refers to print_character.o(PROGRAM) for Print_Character
    entertx.o(PROGRAM) refers to keypad_config_dir.o(program) for Keypad_config_dir
    entertx.o(PROGRAM) refers to get_next_key_input.o(PROGRAM) for get_next_key_input
    entertx.o(PROGRAM) refers to clear_new_key_flag.o(PROGRAM) for clear_new_key_flag
    entertx.o(PROGRAM) refers to key_num_to_ascii.o(PROGRAM) for Key_num_to_ascii
    memorysearch.o(PROGRAM) refers to lcd_config_dir.o(program) for LCD_config_dir
    memorysearch.o(PROGRAM) refers to lcd_command.o(PROGRAM) for LCD_command
    memorysearch.o(PROGRAM) refers to print_string.o(PROGRAM) for print_string
    memorysearch.o(PROGRAM) refers to keypad_config_dir.o(program) for Keypad_config_dir
    memorysearch.o(PROGRAM) refers to get_next_key_input.o(PROGRAM) for get_next_key_input
    memorysearch.o(PROGRAM) refers to clear_new_key_flag.o(PROGRAM) for clear_new_key_flag
    memorysearch.o(PROGRAM) refers to key_num_to_ascii.o(PROGRAM) for Key_num_to_ascii
    memorysearch.o(PROGRAM) refers to print_character.o(PROGRAM) for Print_Character
    memorysearch.o(PROGRAM) refers to print_decimal_to_lcd.o(PROGRAM) for print_decimal_to_LCD
    print_decimal_to_lcd.o(PROGRAM) refers to divide.o(PROGRAM) for Divide
    print_decimal_to_lcd.o(PROGRAM) refers to lcd_command.o(PROGRAM) for LCD_command
    enterchannel.o(PROGRAM) refers to lcd_config_dir.o(program) for LCD_config_dir
    enterchannel.o(PROGRAM) refers to lcd_command.o(PROGRAM) for LCD_command
    enterchannel.o(PROGRAM) refers to print_string.o(PROGRAM) for print_string
    enterchannel.o(PROGRAM) refers to keypad_config_dir.o(program) for Keypad_config_dir
    enterchannel.o(PROGRAM) refers to get_next_key_input.o(PROGRAM) for get_next_key_input
    enterchannel.o(PROGRAM) refers to clear_new_key_flag.o(PROGRAM) for clear_new_key_flag
    enterchannel.o(PROGRAM) refers to key_num_to_ascii.o(PROGRAM) for Key_num_to_ascii
    enterchannel.o(PROGRAM) refers to print_character.o(PROGRAM) for Print_Character
    enterchannel.o(PROGRAM) refers to configurechannel.o(PROGRAM) for configureChannel
    configurechannel.o(PROGRAM) refers (Special) to init_tmr16b1.o(PROGRAM) for Init_TMR16B1
    configurechannel.o(PROGRAM) refers to determine_prescale.o(PROGRAM) for determine_prescale
    configurechannel.o(PROGRAM) refers to divide.o(PROGRAM) for Divide
    channel_init.o(PROGRAM) refers to init_tmr32b0.o(PROGRAM) for Init_TMR32B0
    channel_init.o(PROGRAM) refers to init_tmr32b1.o(PROGRAM) for Init_TMR32B1
    channel_init.o(PROGRAM) refers to init_tmr16b0.o(PROGRAM) for Init_TMR16B0
    channel_init.o(PROGRAM) refers to init_tmr16b1.o(PROGRAM) for Init_TMR16B1
    determine_prescale.o(PROGRAM) refers to divide.o(PROGRAM) for Divide
    processinputs.o(PROGRAM) refers to lcd_config_dir.o(program) for LCD_config_dir
    processinputs.o(PROGRAM) refers to lcd_command.o(PROGRAM) for LCD_command
    processinputs.o(PROGRAM) refers to print_string.o(PROGRAM) for print_string
    processinputs.o(PROGRAM) refers to keypad_config_dir.o(program) for Keypad_config_dir
    processinputs.o(PROGRAM) refers to get_next_key_input.o(PROGRAM) for get_next_key_input
    processinputs.o(PROGRAM) refers to clear_new_key_flag.o(PROGRAM) for clear_new_key_flag
    processinputs.o(PROGRAM) refers to entertx.o(PROGRAM) for EnterTx
    processinputs.o(PROGRAM) refers to memory_update.o(PROGRAM) for memory_update
    processinputs.o(PROGRAM) refers to memorysearch.o(PROGRAM) for memorySearch
    processinputs.o(PROGRAM) refers to enterchannel.o(PROGRAM) for enterChannel
    processinputs.o(PROGRAM) refers to capture_flag_handler.o(PROGRAM) for capture_flag_handler
    memory_update.o(PROGRAM) refers to lcd_config_dir.o(program) for LCD_config_dir
    memory_update.o(PROGRAM) refers to lcd_command.o(PROGRAM) for LCD_command
    memory_update.o(PROGRAM) refers to print_string.o(PROGRAM) for print_string
    memory_update.o(PROGRAM) refers to keypad_config_dir.o(program) for Keypad_config_dir
    memory_update.o(PROGRAM) refers to get_next_key_input.o(PROGRAM) for get_next_key_input
    memory_update.o(PROGRAM) refers to clear_new_key_flag.o(PROGRAM) for clear_new_key_flag
    memory_update.o(PROGRAM) refers to key_num_to_ascii.o(PROGRAM) for Key_num_to_ascii
    memory_update.o(PROGRAM) refers to print_character.o(PROGRAM) for Print_Character
    memory_update.o(PROGRAM) refers to print_decimal_to_lcd.o(PROGRAM) for print_decimal_to_LCD
    timer32_0_irqhandler.o(PROGRAM) refers to tmr32b0mr3_interrupt.o(PROGRAM) for TMR32B0MR3_Interrupt
    timer32_0_irqhandler.o(PROGRAM) refers to tmr32b0cap_int.o(PROGRAM) for TMR32B0CAP_INT
    capture_flag_handler.o(PROGRAM) refers (Special) to disablep0interrupt.o(program) for DisableP0Interrupt
    capture_flag_handler.o(PROGRAM) refers (Special) to enablep0interrupt.o(program) for EnableP0Interrupt
    capture_flag_handler.o(PROGRAM) refers to lcd_config_dir.o(program) for LCD_config_dir
    capture_flag_handler.o(PROGRAM) refers to lcd_command.o(PROGRAM) for LCD_command
    capture_flag_handler.o(PROGRAM) refers to print_string.o(PROGRAM) for print_string
    capture_flag_handler.o(PROGRAM) refers to print_decimal_to_lcd.o(PROGRAM) for print_decimal_to_LCD
    capture_flag_handler.o(PROGRAM) refers to keypad_config_dir.o(program) for Keypad_config_dir


==============================================================================

Removing Unused input sections from the image.

    Removing startup_lpc11xx.o(HEAP), (0 bytes).

1 unused section(s) (total 0 bytes) removed from the image.

==============================================================================

Image Symbol Table

    Local Symbols

    Symbol Name                              Value     Ov Type        Size  Object(Section)

    BusyWait.s                               0x00000000   Number         0  busywait.o ABSOLUTE
    ConfigClock.s                            0x00000000   Number         0  configclock.o ABSOLUTE
    DisableP0Interrupt.s                     0x00000000   Number         0  disablep0interrupt.o ABSOLUTE
    Divide.s                                 0x00000000   Number         0  divide.o ABSOLUTE
    EnableP0Interrupt.s                      0x00000000   Number         0  enablep0interrupt.o ABSOLUTE
    EnterTx.s                                0x00000000   Number         0  entertx.o ABSOLUTE
    Init_TMR16B0.s                           0x00000000   Number         0  init_tmr16b0.o ABSOLUTE
    Init_TMR16B1.s                           0x00000000   Number         0  init_tmr16b1.o ABSOLUTE
    Init_TMR32B0.s                           0x00000000   Number         0  init_tmr32b0.o ABSOLUTE
    Init_TMR32B1.s                           0x00000000   Number         0  init_tmr32b1.o ABSOLUTE
    Key_num_to_ascii.s                       0x00000000   Number         0  key_num_to_ascii.o ABSOLUTE
    Keypad_config_dir.s                      0x00000000   Number         0  keypad_config_dir.o ABSOLUTE
    Keypad_init.s                            0x00000000   Number         0  keypad_init.o ABSOLUTE
    LCD_command.s                            0x00000000   Number         0  lcd_command.o ABSOLUTE
    LCD_config_dir.s                         0x00000000   Number         0  lcd_config_dir.o ABSOLUTE
    LCD_init.s                               0x00000000   Number         0  lcd_init.o ABSOLUTE
    PIOINT0_IRQHandler.s                     0x00000000   Number         0  pioint0_irqhandler.o ABSOLUTE
    Print_Character.s                        0x00000000   Number         0  print_character.o ABSOLUTE
    TIMER32_0_IRQHandler.s                   0x00000000   Number         0  timer32_0_irqhandler.o ABSOLUTE
    TIMER32_1_IRQHandler.s                   0x00000000   Number         0  timer32_1_irqhandler.o ABSOLUTE
    TMR32B0CAP_INT.s                         0x00000000   Number         0  tmr32b0cap_int.o ABSOLUTE
    TMR32B0MR3_Interrupt.s                   0x00000000   Number         0  tmr32b0mr3_interrupt.o ABSOLUTE
    capture_flag_handler.s                   0x00000000   Number         0  capture_flag_handler.o ABSOLUTE
    capture_init.s                           0x00000000   Number         0  capture_init.o ABSOLUTE
    channel_init.s                           0x00000000   Number         0  channel_init.o ABSOLUTE
    clear_new_key_flag.s                     0x00000000   Number         0  clear_new_key_flag.o ABSOLUTE
    configureChannel.s                       0x00000000   Number         0  configurechannel.o ABSOLUTE
    determine_prescale.s                     0x00000000   Number         0  determine_prescale.o ABSOLUTE
    enterChannel.s                           0x00000000   Number         0  enterchannel.o ABSOLUTE
    get_key_num.s                            0x00000000   Number         0  get_key_num.o ABSOLUTE
    get_next_key_input.s                     0x00000000   Number         0  get_next_key_input.o ABSOLUTE
    main.s                                   0x00000000   Number         0  main.o ABSOLUTE
    memorySearch.s                           0x00000000   Number         0  memorysearch.o ABSOLUTE
    memory_update.s                          0x00000000   Number         0  memory_update.o ABSOLUTE
    print_decimal_to_LCD.s                   0x00000000   Number         0  print_decimal_to_lcd.o ABSOLUTE
    print_string.s                           0x00000000   Number         0  print_string.o ABSOLUTE
    processInputs.s                          0x00000000   Number         0  processinputs.o ABSOLUTE
    startup_LPC11xx.s                        0x00000000   Number         0  startup_lpc11xx.o ABSOLUTE
    wait_for_key_release.s                   0x00000000   Number         0  wait_for_key_release.o ABSOLUTE
    RESET                                    0x00000000   Section      192  startup_lpc11xx.o(RESET)
    .text                                    0x000000c0   Section       28  startup_lpc11xx.o(.text)
    FLASH                                    0x000000dc   Section       60  main.o(FLASH)
    PROGRAM                                  0x00000118   Section      140  keypad_init.o(PROGRAM)
    PROGRAM                                  0x000001a4   Section      152  lcd_command.o(PROGRAM)
    PROGRAM                                  0x0000023c   Section      152  lcd_init.o(PROGRAM)
    PROGRAM                                  0x000002d4   Section       36  divide.o(PROGRAM)
    .ARM.__at_0x02FC                         0x000002fc   Section        4  startup_lpc11xx.o(.ARM.__at_0x02FC)
    PROGRAM                                  0x00000300   Section        8  busywait.o(PROGRAM)
    PROGRAM                                  0x00000308   Section       24  configclock.o(PROGRAM)
    PROGRAM                                  0x00000320   Section       50  print_string.o(PROGRAM)
    PROGRAM                                  0x00000354   Section       28  key_num_to_ascii.o(PROGRAM)
    Chars                                    0x0000035c   Data          16  key_num_to_ascii.o(PROGRAM)
    PROGRAM                                  0x00000370   Section       36  pioint0_irqhandler.o(PROGRAM)
    PROGRAM                                  0x00000394   Section       16  get_next_key_input.o(PROGRAM)
    PROGRAM                                  0x000003a4   Section       10  clear_new_key_flag.o(PROGRAM)
    PROGRAM                                  0x000003b0   Section       12  print_character.o(PROGRAM)
    PROGRAM                                  0x000003bc   Section      224  entertx.o(PROGRAM)
    prompt                                   0x00000488   Data           8  entertx.o(PROGRAM)
    T0Label                                  0x0000049c   Data           4  memorysearch.o(PROGRAM)
    PROGRAM                                  0x0000049c   Section      304  memorysearch.o(PROGRAM)
    T1Label                                  0x000004a0   Data           4  memorysearch.o(PROGRAM)
    recallMemoryPrompt                       0x00000594   Data          15  memorysearch.o(PROGRAM)
    memoryUndefinedMessage                   0x000005a3   Data          14  memorysearch.o(PROGRAM)
    PROGRAM                                  0x000005cc   Section       72  print_decimal_to_lcd.o(PROGRAM)
    PROGRAM                                  0x00000614   Section      216  enterchannel.o(PROGRAM)
    prompt                                   0x000006c8   Data           9  enterchannel.o(PROGRAM)
    errMessage                               0x000006d1   Data          17  enterchannel.o(PROGRAM)
    PROGRAM                                  0x000006ec   Section      272  configurechannel.o(PROGRAM)
    PROGRAM                                  0x000007fc   Section       20  channel_init.o(PROGRAM)
    PROGRAM                                  0x00000810   Section       80  init_tmr32b0.o(PROGRAM)
    PROGRAM                                  0x00000860   Section       80  init_tmr32b1.o(PROGRAM)
    PROGRAM                                  0x000008b0   Section       48  init_tmr16b0.o(PROGRAM)
    PROGRAM                                  0x000008e0   Section       44  init_tmr16b1.o(PROGRAM)
    PROGRAM                                  0x0000090c   Section       20  determine_prescale.o(PROGRAM)
    PROGRAM                                  0x00000920   Section      108  capture_init.o(PROGRAM)
    PROGRAM                                  0x0000098c   Section      148  processinputs.o(PROGRAM)
    myName                                   0x00000a10   Data           7  processinputs.o(PROGRAM)
    T0Label                                  0x00000a20   Data           4  memory_update.o(PROGRAM)
    PROGRAM                                  0x00000a20   Section      348  memory_update.o(PROGRAM)
    T1Label                                  0x00000a24   Data           4  memory_update.o(PROGRAM)
    memoryLocationPrompt                     0x00000b2a   Data          17  memory_update.o(PROGRAM)
    undefinedPrompt                          0x00000b3b   Data          17  memory_update.o(PROGRAM)
    T1LargerPrompt                           0x00000b4c   Data          16  memory_update.o(PROGRAM)
    PROGRAM                                  0x00000b7c   Section       96  timer32_0_irqhandler.o(PROGRAM)
    PROGRAM                                  0x00000bdc   Section      132  capture_flag_handler.o(PROGRAM)
    T0string                                 0x00000c3e   Data           4  capture_flag_handler.o(PROGRAM)
    T1string                                 0x00000c42   Data           4  capture_flag_handler.o(PROGRAM)
    PROGRAM                                  0x00000c60   Section       56  tmr32b0mr3_interrupt.o(PROGRAM)
    PROGRAM                                  0x00000c98   Section      156  tmr32b0cap_int.o(PROGRAM)
    PROGRAM                                  0x00000d34   Section       60  timer32_1_irqhandler.o(PROGRAM)
    program                                  0x00000d70   Section       40  lcd_config_dir.o(program)
    program                                  0x00000d98   Section       40  keypad_config_dir.o(program)
    program                                  0x00000dc0   Section       28  enablep0interrupt.o(program)
    program                                  0x00000ddc   Section       28  disablep0interrupt.o(program)
    program                                  0x00000df8   Section       28  wait_for_key_release.o(program)
    program                                  0x00000e14   Section       96  get_key_num.o(program)
    row_pins                                 0x00000e62   Data           4  get_key_num.o(program)
    STACK                                    0x10000000   Section      512  startup_lpc11xx.o(STACK)

    Global Symbols

    Symbol Name                              Value     Ov Type        Size  Object(Section)

    BuildAttributes$$THM_ISAv3M$S$A:L22$X:L11$S22$IEEE1$~IW$USESV6$~STKCKD$USESV7$~SHL$OSPACE$EBA8$MICROLIB$EABIv2 0x00000000   Number         0  anon$$obj.o ABSOLUTE
    __Vectors                                0x00000000   Data           4  startup_lpc11xx.o(RESET)
    __use_two_region_memory                  0x00000000   Number         0  main.o ABSOLUTE
    Reset_Handler                            0x000000c1   Thumb Code     8  startup_lpc11xx.o(.text)
    NMI_Handler                              0x000000c9   Thumb Code     2  startup_lpc11xx.o(.text)
    HardFault_Handler                        0x000000cb   Thumb Code     2  startup_lpc11xx.o(.text)
    SVC_Handler                              0x000000cd   Thumb Code     2  startup_lpc11xx.o(.text)
    PendSV_Handler                           0x000000cf   Thumb Code     2  startup_lpc11xx.o(.text)
    SysTick_Handler                          0x000000d1   Thumb Code     2  startup_lpc11xx.o(.text)
    ADC_IRQHandler                           0x000000d3   Thumb Code     0  startup_lpc11xx.o(.text)
    BOD_IRQHandler                           0x000000d3   Thumb Code     0  startup_lpc11xx.o(.text)
    CAN_IRQHandler                           0x000000d3   Thumb Code     0  startup_lpc11xx.o(.text)
    FMC_IRQHandler                           0x000000d3   Thumb Code     0  startup_lpc11xx.o(.text)
    I2C_IRQHandler                           0x000000d3   Thumb Code     0  startup_lpc11xx.o(.text)
    PIOINT1_IRQHandler                       0x000000d3   Thumb Code     0  startup_lpc11xx.o(.text)
    PIOINT2_IRQHandler                       0x000000d3   Thumb Code     0  startup_lpc11xx.o(.text)
    PIOINT3_IRQHandler                       0x000000d3   Thumb Code     0  startup_lpc11xx.o(.text)
    SSP0_IRQHandler                          0x000000d3   Thumb Code     0  startup_lpc11xx.o(.text)
    SSP1_IRQHandler                          0x000000d3   Thumb Code     0  startup_lpc11xx.o(.text)
    TIMER16_0_IRQHandler                     0x000000d3   Thumb Code     0  startup_lpc11xx.o(.text)
    TIMER16_1_IRQHandler                     0x000000d3   Thumb Code     0  startup_lpc11xx.o(.text)
    UART_IRQHandler                          0x000000d3   Thumb Code     0  startup_lpc11xx.o(.text)
    USB_FIQHandler                           0x000000d3   Thumb Code     0  startup_lpc11xx.o(.text)
    USB_IRQHandler                           0x000000d3   Thumb Code     0  startup_lpc11xx.o(.text)
    WAKEUP_IRQHandler                        0x000000d3   Thumb Code     0  startup_lpc11xx.o(.text)
    WDT_IRQHandler                           0x000000d3   Thumb Code     0  startup_lpc11xx.o(.text)
    SystemInit                               0x000000dd   Thumb Code     0  main.o(FLASH)
    __main                                   0x000000dd   Thumb Code     0  main.o(FLASH)
    Keypad_init                              0x00000119   Thumb Code     0  keypad_init.o(PROGRAM)
    LCD_command                              0x000001a5   Thumb Code     0  lcd_command.o(PROGRAM)
    LCD_init                                 0x00000245   Thumb Code     0  lcd_init.o(PROGRAM)
    Divide                                   0x000002d5   Thumb Code     0  divide.o(PROGRAM)
    BusyWait                                 0x00000301   Thumb Code     0  busywait.o(PROGRAM)
    ConfigClock                              0x00000309   Thumb Code     0  configclock.o(PROGRAM)
    print_string                             0x00000329   Thumb Code     0  print_string.o(PROGRAM)
    Key_num_to_ascii                         0x00000355   Thumb Code     0  key_num_to_ascii.o(PROGRAM)
    PIOINT0_IRQHandler                       0x00000371   Thumb Code     0  pioint0_irqhandler.o(PROGRAM)
    get_next_key_input                       0x00000395   Thumb Code     0  get_next_key_input.o(PROGRAM)
    clear_new_key_flag                       0x000003a5   Thumb Code     0  clear_new_key_flag.o(PROGRAM)
    Print_Character                          0x000003b1   Thumb Code     0  print_character.o(PROGRAM)
    EnterTx                                  0x000003c5   Thumb Code     0  entertx.o(PROGRAM)
    memorySearch                             0x000004a5   Thumb Code     0  memorysearch.o(PROGRAM)
    print_decimal_to_LCD                     0x000005d5   Thumb Code     0  print_decimal_to_lcd.o(PROGRAM)
    enterChannel                             0x0000061d   Thumb Code     0  enterchannel.o(PROGRAM)
    configureChannel                         0x000006ed   Thumb Code     0  configurechannel.o(PROGRAM)
    channel_init                             0x000007fd   Thumb Code     0  channel_init.o(PROGRAM)
    Init_TMR32B0                             0x00000811   Thumb Code     0  init_tmr32b0.o(PROGRAM)
    Init_TMR32B1                             0x00000861   Thumb Code     0  init_tmr32b1.o(PROGRAM)
    Init_TMR16B0                             0x000008b1   Thumb Code     0  init_tmr16b0.o(PROGRAM)
    Init_TMR16B1                             0x000008e1   Thumb Code     0  init_tmr16b1.o(PROGRAM)
    determine_prescale                       0x0000090d   Thumb Code     0  determine_prescale.o(PROGRAM)
    capture_init                             0x00000921   Thumb Code     0  capture_init.o(PROGRAM)
    processInputs                            0x00000995   Thumb Code     0  processinputs.o(PROGRAM)
    memory_update                            0x00000a29   Thumb Code     0  memory_update.o(PROGRAM)
    TIMER32_0_IRQHandler                     0x00000b7d   Thumb Code     0  timer32_0_irqhandler.o(PROGRAM)
    capture_flag_handler                     0x00000be5   Thumb Code     0  capture_flag_handler.o(PROGRAM)
    TMR32B0MR3_Interrupt                     0x00000c61   Thumb Code     0  tmr32b0mr3_interrupt.o(PROGRAM)
    TMR32B0CAP_INT                           0x00000c99   Thumb Code     0  tmr32b0cap_int.o(PROGRAM)
    TIMER32_1_IRQHandler                     0x00000d35   Thumb Code     0  timer32_1_irqhandler.o(PROGRAM)
    LCD_config_dir                           0x00000d71   Thumb Code     0  lcd_config_dir.o(program)
    Keypad_config_dir                        0x00000d99   Thumb Code     0  keypad_config_dir.o(program)
    EnableP0Interrupt                        0x00000dc1   Thumb Code     0  enablep0interrupt.o(program)
    DisableP0Interrupt                       0x00000ddd   Thumb Code     0  disablep0interrupt.o(program)
    wait_for_key_release                     0x00000df9   Thumb Code     0  wait_for_key_release.o(program)
    get_key_num                              0x00000e15   Thumb Code     0  get_key_num.o(program)
    __initial_sp                             0x10000200   Data           0  startup_lpc11xx.o(STACK)



==============================================================================

Memory Map of the image

  Image Entry point : 0x000000c1

  Load Region LR_1 (Base: 0x00000000, Size: 0x00000e74, Max: 0xffffffff, ABSOLUTE)

    Execution Region ER_RO (Exec base: 0x00000000, Load base: 0x00000000, Size: 0x00000e74, Max: 0xffffffff, ABSOLUTE)

    Exec Addr    Load Addr    Size         Type   Attr      Idx    E Section Name        Object

    0x00000000   0x00000000   0x000000c0   Data   RO            3    RESET               startup_lpc11xx.o
    0x000000c0   0x000000c0   0x0000001c   Code   RO            5  * .text               startup_lpc11xx.o
    0x000000dc   0x000000dc   0x0000003c   Code   RO           13  * FLASH               main.o
    0x00000118   0x00000118   0x0000008c   Code   RO           16    PROGRAM             keypad_init.o
    0x000001a4   0x000001a4   0x00000098   Code   RO           19    PROGRAM             lcd_command.o
    0x0000023c   0x0000023c   0x00000098   Code   RO           22    PROGRAM             lcd_init.o
    0x000002d4   0x000002d4   0x00000024   Code   RO           25    PROGRAM             divide.o
    0x000002f8   0x000002f8   0x00000004   PAD
    0x000002fc   0x000002fc   0x00000004   Code   RO            4    .ARM.__at_0x02FC    startup_lpc11xx.o
    0x00000300   0x00000300   0x00000008   Code   RO           28    PROGRAM             busywait.o
    0x00000308   0x00000308   0x00000018   Code   RO           31    PROGRAM             configclock.o
    0x00000320   0x00000320   0x00000032   Code   RO           34    PROGRAM             print_string.o
    0x00000352   0x00000352   0x00000002   PAD
    0x00000354   0x00000354   0x0000001c   Code   RO           49    PROGRAM             key_num_to_ascii.o
    0x00000370   0x00000370   0x00000024   Code   RO           52    PROGRAM             pioint0_irqhandler.o
    0x00000394   0x00000394   0x00000010   Code   RO           61    PROGRAM             get_next_key_input.o
    0x000003a4   0x000003a4   0x0000000a   Code   RO           64    PROGRAM             clear_new_key_flag.o
    0x000003ae   0x000003ae   0x00000002   PAD
    0x000003b0   0x000003b0   0x0000000c   Code   RO           67    PROGRAM             print_character.o
    0x000003bc   0x000003bc   0x000000e0   Code   RO           70    PROGRAM             entertx.o
    0x0000049c   0x0000049c   0x00000130   Code   RO           73    PROGRAM             memorysearch.o
    0x000005cc   0x000005cc   0x00000048   Code   RO           76    PROGRAM             print_decimal_to_lcd.o
    0x00000614   0x00000614   0x000000d8   Code   RO           79    PROGRAM             enterchannel.o
    0x000006ec   0x000006ec   0x00000110   Code   RO           82    PROGRAM             configurechannel.o
    0x000007fc   0x000007fc   0x00000014   Code   RO           85    PROGRAM             channel_init.o
    0x00000810   0x00000810   0x00000050   Code   RO           88    PROGRAM             init_tmr32b0.o
    0x00000860   0x00000860   0x00000050   Code   RO           91    PROGRAM             init_tmr32b1.o
    0x000008b0   0x000008b0   0x00000030   Code   RO           94    PROGRAM             init_tmr16b0.o
    0x000008e0   0x000008e0   0x0000002c   Code   RO           97    PROGRAM             init_tmr16b1.o
    0x0000090c   0x0000090c   0x00000014   Code   RO          100    PROGRAM             determine_prescale.o
    0x00000920   0x00000920   0x0000006c   Code   RO          103    PROGRAM             capture_init.o
    0x0000098c   0x0000098c   0x00000094   Code   RO          106    PROGRAM             processinputs.o
    0x00000a20   0x00000a20   0x0000015c   Code   RO          109    PROGRAM             memory_update.o
    0x00000b7c   0x00000b7c   0x00000060   Code   RO          112    PROGRAM             timer32_0_irqhandler.o
    0x00000bdc   0x00000bdc   0x00000084   Code   RO          115    PROGRAM             capture_flag_handler.o
    0x00000c60   0x00000c60   0x00000038   Code   RO          118    PROGRAM             tmr32b0mr3_interrupt.o
    0x00000c98   0x00000c98   0x0000009c   Code   RO          121    PROGRAM             tmr32b0cap_int.o
    0x00000d34   0x00000d34   0x0000003c   Code   RO          124    PROGRAM             timer32_1_irqhandler.o
    0x00000d70   0x00000d70   0x00000028   Code   RO           37    program             lcd_config_dir.o
    0x00000d98   0x00000d98   0x00000028   Code   RO           40    program             keypad_config_dir.o
    0x00000dc0   0x00000dc0   0x0000001c   Code   RO           43    program             enablep0interrupt.o
    0x00000ddc   0x00000ddc   0x0000001c   Code   RO           46    program             disablep0interrupt.o
    0x00000df8   0x00000df8   0x0000001c   Code   RO           55    program             wait_for_key_release.o
    0x00000e14   0x00000e14   0x00000060   Code   RO           58    program             get_key_num.o


    Execution Region ER_RW (Exec base: 0x10000000, Load base: 0x00000e74, Size: 0x00000000, Max: 0xffffffff, ABSOLUTE)

    **** No section assigned to this execution region ****


    Execution Region ER_ZI (Exec base: 0x10000000, Load base: 0x00000e74, Size: 0x00000200, Max: 0xffffffff, ABSOLUTE)

    Exec Addr    Load Addr    Size         Type   Attr      Idx    E Section Name        Object

    0x10000000        -       0x00000200   Zero   RW            1    STACK               startup_lpc11xx.o


==============================================================================

Image component sizes


      Code (inc. data)   RO Data    RW Data    ZI Data      Debug   Object Name

         8          0          0          0          0        192   busywait.o
       132         42          0          0          0        248   capture_flag_handler.o
       108         38          0          0          0        228   capture_init.o
        20          0          0          0          0        200   channel_init.o
        10          0          0          0          0        208   clear_new_key_flag.o
        24         10          0          0          0        196   configclock.o
       272         70          0          0          0        300   configurechannel.o
        20          6          0          0          0        212   determine_prescale.o
        28          8          0          0          0        216   disablep0interrupt.o
        36          0          0          0          0        200   divide.o
        28          8          0          0          0        212   enablep0interrupt.o
       216         44          0          0          0        260   enterchannel.o
       224         28          0          0          0        264   entertx.o
        96         18          0          0          0        228   get_key_num.o
        16          0          0          0          0        212   get_next_key_input.o
        48         12          0          0          0        216   init_tmr16b0.o
        44         14          0          0          0        208   init_tmr16b1.o
        80         24          0          0          0        224   init_tmr32b0.o
        80         24          0          0          0        224   init_tmr32b1.o
        28         20          0          0          0        208   key_num_to_ascii.o
        40         16          0          0          0        216   keypad_config_dir.o
       140         60          0          0          0        228   keypad_init.o
       152         20          0          0          0        252   lcd_command.o
        40         12          0          0          0        208   lcd_config_dir.o
       152         48          0          0          0        232   lcd_init.o
        60          4          0          0          0        200   main.o
       348         90          0          0          0        300   memory_update.o
       304         64          0          0          0        288   memorysearch.o
        36          4          0          0          0        216   pioint0_irqhandler.o
        12          0          0          0          0        204   print_character.o
        72         14          0          0          0        236   print_decimal_to_lcd.o
        50          8          0          0          0        212   print_string.o
       148         24          0          0          0        244   processinputs.o
        32         12        192          0        512        740   startup_lpc11xx.o
        96         18          0          0          0        248   timer32_0_irqhandler.o
        60         10          0          0          0        236   timer32_1_irqhandler.o
       156         16          0          0          0        268   tmr32b0cap_int.o
        56         10          0          0          0        232   tmr32b0mr3_interrupt.o
        28          6          0          0          0        220   wait_for_key_release.o

    ----------------------------------------------------------------------
      3508        802        192          0        512       9436   Object Totals
         0          0          0          0          0          0   (incl. Generated)
         8          0          0          0          0          0   (incl. Padding)

    ----------------------------------------------------------------------
         0          0          0          0          0          0   Library Totals
         0          0          0          0          0          0   (incl. Padding)

    ----------------------------------------------------------------------

==============================================================================


      Code (inc. data)   RO Data    RW Data    ZI Data      Debug   

      3508        802        192          0        512       9436   Grand Totals
      3508        802        192          0        512       9436   ELF Image Totals
      3508        802        192          0          0          0   ROM Totals

==============================================================================

    Total RO  Size (Code + RO Data)                 3700 (   3.61kB)
    Total RW  Size (RW Data + ZI Data)               512 (   0.50kB)
    Total ROM Size (Code + RO Data + RW Data)       3700 (   3.61kB)

==============================================================================

