Component: ARM Compiler 6.16 Tool: armlink [5dfeaa00]

==============================================================================

Section Cross References

    startup_lpc11xx.o(RESET) refers to startup_lpc11xx.o(STACK) for __initial_sp
    startup_lpc11xx.o(RESET) refers to startup_lpc11xx.o(.text) for Reset_Handler
    startup_lpc11xx.o(RESET) refers to pioint0_irqhandler.o(PROGRAM) for PIOINT0_IRQHandler
    startup_lpc11xx.o(.text) refers to main.o(FLASH) for SystemInit
    main.o(FLASH) refers (Special) to keypad_config_dir.o(program) for Keypad_config_dir
    main.o(FLASH) refers (Special) to lcd_command.o(PROGRAM) for LCD_command
    main.o(FLASH) refers (Special) to lcd_config_dir.o(program) for LCD_config_dir
    main.o(FLASH) refers to configclock.o(PROGRAM) for ConfigClock
    main.o(FLASH) refers to lcd_init.o(PROGRAM) for LCD_init
    main.o(FLASH) refers to print_string.o(PROGRAM) for print_string
    main.o(FLASH) refers to keypad_init.o(PROGRAM) for Keypad_init
    main.o(FLASH) refers to get_next_key_input.o(PROGRAM) for get_next_key_input
    main.o(FLASH) refers to clear_new_key_flag.o(PROGRAM) for clear_new_key_flag
    main.o(FLASH) refers to entertx.o(PROGRAM) for EnterTx
    main.o(FLASH) refers to memorysearch.o(PROGRAM) for memorySearch
    lcd_command.o(PROGRAM) refers to busywait.o(PROGRAM) for BusyWait
    lcd_init.o(PROGRAM) refers to busywait.o(PROGRAM) for BusyWait
    lcd_init.o(PROGRAM) refers to lcd_command.o(PROGRAM) for LCD_command
    print_string.o(PROGRAM) refers to lcd_command.o(PROGRAM) for LCD_command
    lcd_config_dir.o(program) refers to disablep0interrupt.o(program) for DisableP0Interrupt
    keypad_config_dir.o(program) refers to enablep0interrupt.o(program) for EnableP0Interrupt
    pioint0_irqhandler.o(PROGRAM) refers (Special) to keypad_config_dir.o(program) for Keypad_config_dir
    pioint0_irqhandler.o(PROGRAM) refers (Special) to keypad_init.o(PROGRAM) for Keypad_init
    pioint0_irqhandler.o(PROGRAM) refers (Special) to lcd_command.o(PROGRAM) for LCD_command
    pioint0_irqhandler.o(PROGRAM) refers (Special) to lcd_config_dir.o(program) for LCD_config_dir
    pioint0_irqhandler.o(PROGRAM) refers (Special) to lcd_init.o(PROGRAM) for LCD_init
    pioint0_irqhandler.o(PROGRAM) refers to disablep0interrupt.o(program) for DisableP0Interrupt
    pioint0_irqhandler.o(PROGRAM) refers to busywait.o(PROGRAM) for BusyWait
    pioint0_irqhandler.o(PROGRAM) refers to get_key_num.o(program) for get_key_num
    pioint0_irqhandler.o(PROGRAM) refers to wait_for_key_release.o(program) for wait_for_key_release
    pioint0_irqhandler.o(PROGRAM) refers to enablep0interrupt.o(program) for EnableP0Interrupt
    print_character.o(PROGRAM) refers (Special) to keypad_config_dir.o(program) for Keypad_config_dir
    print_character.o(PROGRAM) refers (Special) to lcd_config_dir.o(program) for LCD_config_dir
    print_character.o(PROGRAM) refers to lcd_command.o(PROGRAM) for LCD_command
    entertx.o(PROGRAM) refers to lcd_config_dir.o(program) for LCD_config_dir
    entertx.o(PROGRAM) refers to lcd_command.o(PROGRAM) for LCD_command
    entertx.o(PROGRAM) refers to print_string.o(PROGRAM) for print_string
    entertx.o(PROGRAM) refers to print_character.o(PROGRAM) for Print_Character
    entertx.o(PROGRAM) refers to keypad_config_dir.o(program) for Keypad_config_dir
    entertx.o(PROGRAM) refers to get_next_key_input.o(PROGRAM) for get_next_key_input
    entertx.o(PROGRAM) refers to clear_new_key_flag.o(PROGRAM) for clear_new_key_flag
    entertx.o(PROGRAM) refers to key_num_to_ascii.o(PROGRAM) for Key_num_to_ascii
    memorysearch.o(PROGRAM) refers to lcd_config_dir.o(program) for LCD_config_dir
    memorysearch.o(PROGRAM) refers to lcd_command.o(PROGRAM) for LCD_command
    memorysearch.o(PROGRAM) refers to print_string.o(PROGRAM) for print_string
    memorysearch.o(PROGRAM) refers to keypad_config_dir.o(program) for Keypad_config_dir
    memorysearch.o(PROGRAM) refers to get_next_key_input.o(PROGRAM) for get_next_key_input
    memorysearch.o(PROGRAM) refers to key_num_to_ascii.o(PROGRAM) for Key_num_to_ascii
    memorysearch.o(PROGRAM) refers to print_character.o(PROGRAM) for Print_Character
    memorysearch.o(PROGRAM) refers to clear_new_key_flag.o(PROGRAM) for clear_new_key_flag
    memorysearch.o(PROGRAM) refers to print_decimal_to_lcd.o(PROGRAM) for print_decimal_to_LCD
    print_decimal_to_lcd.o(PROGRAM) refers to divide.o(PROGRAM) for Divide
    print_decimal_to_lcd.o(PROGRAM) refers to lcd_command.o(PROGRAM) for LCD_command


==============================================================================

Removing Unused input sections from the image.

    Removing startup_lpc11xx.o(HEAP), (0 bytes).

1 unused section(s) (total 0 bytes) removed from the image.

==============================================================================

Image Symbol Table

    Local Symbols

    Symbol Name                              Value     Ov Type        Size  Object(Section)

    BusyWait.s                               0x00000000   Number         0  busywait.o ABSOLUTE
    ConfigClock.s                            0x00000000   Number         0  configclock.o ABSOLUTE
    DisableP0Interrupt.s                     0x00000000   Number         0  disablep0interrupt.o ABSOLUTE
    Divide.s                                 0x00000000   Number         0  divide.o ABSOLUTE
    EnableP0Interrupt.s                      0x00000000   Number         0  enablep0interrupt.o ABSOLUTE
    EnterTx.s                                0x00000000   Number         0  entertx.o ABSOLUTE
    Key_num_to_ascii.s                       0x00000000   Number         0  key_num_to_ascii.o ABSOLUTE
    Keypad_config_dir.s                      0x00000000   Number         0  keypad_config_dir.o ABSOLUTE
    Keypad_init.s                            0x00000000   Number         0  keypad_init.o ABSOLUTE
    LCD_command.s                            0x00000000   Number         0  lcd_command.o ABSOLUTE
    LCD_config_dir.s                         0x00000000   Number         0  lcd_config_dir.o ABSOLUTE
    LCD_init.s                               0x00000000   Number         0  lcd_init.o ABSOLUTE
    PIOINT0_IRQHandler.s                     0x00000000   Number         0  pioint0_irqhandler.o ABSOLUTE
    Print_Character.s                        0x00000000   Number         0  print_character.o ABSOLUTE
    clear_new_key_flag.s                     0x00000000   Number         0  clear_new_key_flag.o ABSOLUTE
    get_key_num.s                            0x00000000   Number         0  get_key_num.o ABSOLUTE
    get_next_key_input.s                     0x00000000   Number         0  get_next_key_input.o ABSOLUTE
    main.s                                   0x00000000   Number         0  main.o ABSOLUTE
    memorySearch.s                           0x00000000   Number         0  memorysearch.o ABSOLUTE
    print_decimal_to_LCD.s                   0x00000000   Number         0  print_decimal_to_lcd.o ABSOLUTE
    print_string.s                           0x00000000   Number         0  print_string.o ABSOLUTE
    startup_LPC11xx.s                        0x00000000   Number         0  startup_lpc11xx.o ABSOLUTE
    wait_for_key_release.s                   0x00000000   Number         0  wait_for_key_release.o ABSOLUTE
    RESET                                    0x00000000   Section      192  startup_lpc11xx.o(RESET)
    .text                                    0x000000c0   Section       28  startup_lpc11xx.o(.text)
    FLASH                                    0x000000dc   Section      156  main.o(FLASH)
    myName                                   0x00000160   Data           7  main.o(FLASH)
    PROGRAM                                  0x00000178   Section      144  keypad_init.o(PROGRAM)
    PROGRAM                                  0x00000208   Section      148  lcd_command.o(PROGRAM)
    PROGRAM                                  0x0000029c   Section       36  divide.o(PROGRAM)
    PROGRAM                                  0x000002c0   Section        8  busywait.o(PROGRAM)
    PROGRAM                                  0x000002c8   Section       24  configclock.o(PROGRAM)
    PROGRAM                                  0x000002e0   Section       28  key_num_to_ascii.o(PROGRAM)
    Chars                                    0x000002e8   Data          16  key_num_to_ascii.o(PROGRAM)
    .ARM.__at_0x02FC                         0x000002fc   Section        4  startup_lpc11xx.o(.ARM.__at_0x02FC)
    PROGRAM                                  0x00000300   Section      136  lcd_init.o(PROGRAM)
    PROGRAM                                  0x00000388   Section       42  print_string.o(PROGRAM)
    PROGRAM                                  0x000003b4   Section       40  pioint0_irqhandler.o(PROGRAM)
    PROGRAM                                  0x000003dc   Section       16  get_next_key_input.o(PROGRAM)
    PROGRAM                                  0x000003ec   Section       10  clear_new_key_flag.o(PROGRAM)
    PROGRAM                                  0x000003f8   Section       12  print_character.o(PROGRAM)
    PROGRAM                                  0x00000404   Section      220  entertx.o(PROGRAM)
    prompt                                   0x000004cc   Data           8  entertx.o(PROGRAM)
    PROGRAM                                  0x000004e0   Section      272  memorysearch.o(PROGRAM)
    memoryLocationPrompt                     0x000005b6   Data          17  memorysearch.o(PROGRAM)
    recallMemoryPrompt                       0x000005c7   Data          15  memorysearch.o(PROGRAM)
    T0Label                                  0x000005d6   Data           4  memorysearch.o(PROGRAM)
    T1Label                                  0x000005da   Data           4  memorysearch.o(PROGRAM)
    PROGRAM                                  0x000005f0   Section       64  print_decimal_to_lcd.o(PROGRAM)
    program                                  0x00000630   Section       40  lcd_config_dir.o(program)
    program                                  0x00000658   Section       40  keypad_config_dir.o(program)
    program                                  0x00000680   Section       28  enablep0interrupt.o(program)
    program                                  0x0000069c   Section       28  disablep0interrupt.o(program)
    program                                  0x000006b8   Section       32  wait_for_key_release.o(program)
    program                                  0x000006d8   Section       84  get_key_num.o(program)
    STACK                                    0x10000000   Section      512  startup_lpc11xx.o(STACK)

    Global Symbols

    Symbol Name                              Value     Ov Type        Size  Object(Section)

    BuildAttributes$$THM_ISAv3M$S$A:L22$X:L11$S22$IEEE1$~IW$USESV6$~STKCKD$USESV7$~SHL$OSPACE$EBA8$MICROLIB$EABIv2 0x00000000   Number         0  anon$$obj.o ABSOLUTE
    __Vectors                                0x00000000   Data           4  startup_lpc11xx.o(RESET)
    __use_two_region_memory                  0x00000000   Number         0  main.o ABSOLUTE
    Reset_Handler                            0x000000c1   Thumb Code     8  startup_lpc11xx.o(.text)
    NMI_Handler                              0x000000c9   Thumb Code     2  startup_lpc11xx.o(.text)
    HardFault_Handler                        0x000000cb   Thumb Code     2  startup_lpc11xx.o(.text)
    SVC_Handler                              0x000000cd   Thumb Code     2  startup_lpc11xx.o(.text)
    PendSV_Handler                           0x000000cf   Thumb Code     2  startup_lpc11xx.o(.text)
    SysTick_Handler                          0x000000d1   Thumb Code     2  startup_lpc11xx.o(.text)
    ADC_IRQHandler                           0x000000d3   Thumb Code     0  startup_lpc11xx.o(.text)
    BOD_IRQHandler                           0x000000d3   Thumb Code     0  startup_lpc11xx.o(.text)
    CAN_IRQHandler                           0x000000d3   Thumb Code     0  startup_lpc11xx.o(.text)
    FMC_IRQHandler                           0x000000d3   Thumb Code     0  startup_lpc11xx.o(.text)
    I2C_IRQHandler                           0x000000d3   Thumb Code     0  startup_lpc11xx.o(.text)
    PIOINT1_IRQHandler                       0x000000d3   Thumb Code     0  startup_lpc11xx.o(.text)
    PIOINT2_IRQHandler                       0x000000d3   Thumb Code     0  startup_lpc11xx.o(.text)
    PIOINT3_IRQHandler                       0x000000d3   Thumb Code     0  startup_lpc11xx.o(.text)
    SSP0_IRQHandler                          0x000000d3   Thumb Code     0  startup_lpc11xx.o(.text)
    SSP1_IRQHandler                          0x000000d3   Thumb Code     0  startup_lpc11xx.o(.text)
    TIMER16_0_IRQHandler                     0x000000d3   Thumb Code     0  startup_lpc11xx.o(.text)
    TIMER16_1_IRQHandler                     0x000000d3   Thumb Code     0  startup_lpc11xx.o(.text)
    TIMER32_0_IRQHandler                     0x000000d3   Thumb Code     0  startup_lpc11xx.o(.text)
    TIMER32_1_IRQHandler                     0x000000d3   Thumb Code     0  startup_lpc11xx.o(.text)
    UART_IRQHandler                          0x000000d3   Thumb Code     0  startup_lpc11xx.o(.text)
    USB_FIQHandler                           0x000000d3   Thumb Code     0  startup_lpc11xx.o(.text)
    USB_IRQHandler                           0x000000d3   Thumb Code     0  startup_lpc11xx.o(.text)
    WAKEUP_IRQHandler                        0x000000d3   Thumb Code     0  startup_lpc11xx.o(.text)
    WDT_IRQHandler                           0x000000d3   Thumb Code     0  startup_lpc11xx.o(.text)
    SystemInit                               0x000000dd   Thumb Code     0  main.o(FLASH)
    __main                                   0x000000dd   Thumb Code     0  main.o(FLASH)
    Keypad_init                              0x00000179   Thumb Code     0  keypad_init.o(PROGRAM)
    LCD_command                              0x00000209   Thumb Code     0  lcd_command.o(PROGRAM)
    Divide                                   0x0000029d   Thumb Code     0  divide.o(PROGRAM)
    BusyWait                                 0x000002c1   Thumb Code     0  busywait.o(PROGRAM)
    ConfigClock                              0x000002c9   Thumb Code     0  configclock.o(PROGRAM)
    Key_num_to_ascii                         0x000002e1   Thumb Code     0  key_num_to_ascii.o(PROGRAM)
    LCD_init                                 0x00000301   Thumb Code     0  lcd_init.o(PROGRAM)
    print_string                             0x00000389   Thumb Code     0  print_string.o(PROGRAM)
    PIOINT0_IRQHandler                       0x000003b5   Thumb Code     0  pioint0_irqhandler.o(PROGRAM)
    get_next_key_input                       0x000003dd   Thumb Code     0  get_next_key_input.o(PROGRAM)
    clear_new_key_flag                       0x000003ed   Thumb Code     0  clear_new_key_flag.o(PROGRAM)
    Print_Character                          0x000003f9   Thumb Code     0  print_character.o(PROGRAM)
    EnterTx                                  0x00000405   Thumb Code     0  entertx.o(PROGRAM)
    memorySearch                             0x000004e1   Thumb Code     0  memorysearch.o(PROGRAM)
    print_decimal_to_LCD                     0x000005f1   Thumb Code     0  print_decimal_to_lcd.o(PROGRAM)
    LCD_config_dir                           0x00000631   Thumb Code     0  lcd_config_dir.o(program)
    Keypad_config_dir                        0x00000659   Thumb Code     0  keypad_config_dir.o(program)
    EnableP0Interrupt                        0x00000681   Thumb Code     0  enablep0interrupt.o(program)
    DisableP0Interrupt                       0x0000069d   Thumb Code     0  disablep0interrupt.o(program)
    wait_for_key_release                     0x000006b9   Thumb Code     0  wait_for_key_release.o(program)
    get_key_num                              0x000006d9   Thumb Code     0  get_key_num.o(program)
    __initial_sp                             0x10000200   Data           0  startup_lpc11xx.o(STACK)



==============================================================================

Memory Map of the image

  Image Entry point : 0x000000c1

  Load Region LR_1 (Base: 0x00000000, Size: 0x0000072c, Max: 0xffffffff, ABSOLUTE)

    Execution Region ER_RO (Exec base: 0x00000000, Load base: 0x00000000, Size: 0x0000072c, Max: 0xffffffff, ABSOLUTE)

    Exec Addr    Load Addr    Size         Type   Attr      Idx    E Section Name        Object

    0x00000000   0x00000000   0x000000c0   Data   RO            3    RESET               startup_lpc11xx.o
    0x000000c0   0x000000c0   0x0000001c   Code   RO            5  * .text               startup_lpc11xx.o
    0x000000dc   0x000000dc   0x0000009c   Code   RO           13  * FLASH               main.o
    0x00000178   0x00000178   0x00000090   Code   RO           16    PROGRAM             keypad_init.o
    0x00000208   0x00000208   0x00000094   Code   RO           19    PROGRAM             lcd_command.o
    0x0000029c   0x0000029c   0x00000024   Code   RO           25    PROGRAM             divide.o
    0x000002c0   0x000002c0   0x00000008   Code   RO           28    PROGRAM             busywait.o
    0x000002c8   0x000002c8   0x00000018   Code   RO           31    PROGRAM             configclock.o
    0x000002e0   0x000002e0   0x0000001c   Code   RO           49    PROGRAM             key_num_to_ascii.o
    0x000002fc   0x000002fc   0x00000004   Code   RO            4    .ARM.__at_0x02FC    startup_lpc11xx.o
    0x00000300   0x00000300   0x00000088   Code   RO           22    PROGRAM             lcd_init.o
    0x00000388   0x00000388   0x0000002a   Code   RO           34    PROGRAM             print_string.o
    0x000003b2   0x000003b2   0x00000002   PAD
    0x000003b4   0x000003b4   0x00000028   Code   RO           52    PROGRAM             pioint0_irqhandler.o
    0x000003dc   0x000003dc   0x00000010   Code   RO           61    PROGRAM             get_next_key_input.o
    0x000003ec   0x000003ec   0x0000000a   Code   RO           64    PROGRAM             clear_new_key_flag.o
    0x000003f6   0x000003f6   0x00000002   PAD
    0x000003f8   0x000003f8   0x0000000c   Code   RO           67    PROGRAM             print_character.o
    0x00000404   0x00000404   0x000000dc   Code   RO           70    PROGRAM             entertx.o
    0x000004e0   0x000004e0   0x00000110   Code   RO           73    PROGRAM             memorysearch.o
    0x000005f0   0x000005f0   0x00000040   Code   RO           76    PROGRAM             print_decimal_to_lcd.o
    0x00000630   0x00000630   0x00000028   Code   RO           37    program             lcd_config_dir.o
    0x00000658   0x00000658   0x00000028   Code   RO           40    program             keypad_config_dir.o
    0x00000680   0x00000680   0x0000001c   Code   RO           43    program             enablep0interrupt.o
    0x0000069c   0x0000069c   0x0000001c   Code   RO           46    program             disablep0interrupt.o
    0x000006b8   0x000006b8   0x00000020   Code   RO           55    program             wait_for_key_release.o
    0x000006d8   0x000006d8   0x00000054   Code   RO           58    program             get_key_num.o


    Execution Region ER_RW (Exec base: 0x10000000, Load base: 0x0000072c, Size: 0x00000000, Max: 0xffffffff, ABSOLUTE)

    **** No section assigned to this execution region ****


    Execution Region ER_ZI (Exec base: 0x10000000, Load base: 0x0000072c, Size: 0x00000200, Max: 0xffffffff, ABSOLUTE)

    Exec Addr    Load Addr    Size         Type   Attr      Idx    E Section Name        Object

    0x10000000        -       0x00000200   Zero   RW            1    STACK               startup_lpc11xx.o


==============================================================================

Image component sizes


      Code (inc. data)   RO Data    RW Data    ZI Data      Debug   Object Name

         8          0          0          0          0        192   busywait.o
        10          0          0          0          0        208   clear_new_key_flag.o
        24         10          0          0          0        196   configclock.o
        28          8          0          0          0        216   disablep0interrupt.o
        36          0          0          0          0        200   divide.o
        28          8          0          0          0        212   enablep0interrupt.o
       220         20          0          0          0        268   entertx.o
        84         10          0          0          0        228   get_key_num.o
        16          0          0          0          0        212   get_next_key_input.o
        28         20          0          0          0        208   key_num_to_ascii.o
        40         16          0          0          0        216   keypad_config_dir.o
       144         62          0          0          0        232   keypad_init.o
       148         26          0          0          0        248   lcd_command.o
        40         12          0          0          0        208   lcd_config_dir.o
       136         36          0          0          0        228   lcd_init.o
       156         24          0          0          0        236   main.o
       272         58          0          0          0        280   memorysearch.o
        40          6          0          0          0        216   pioint0_irqhandler.o
        12          0          0          0          0        204   print_character.o
        64          6          0          0          0        236   print_decimal_to_lcd.o
        42          0          0          0          0        212   print_string.o
        32         12        192          0        512        740   startup_lpc11xx.o
        32         10          0          0          0        220   wait_for_key_release.o

    ----------------------------------------------------------------------
      1644        344        192          0        512       5616   Object Totals
         0          0          0          0          0          0   (incl. Generated)
         4          0          0          0          0          0   (incl. Padding)

    ----------------------------------------------------------------------
         0          0          0          0          0          0   Library Totals
         0          0          0          0          0          0   (incl. Padding)

    ----------------------------------------------------------------------

==============================================================================


      Code (inc. data)   RO Data    RW Data    ZI Data      Debug   

      1644        344        192          0        512       5616   Grand Totals
      1644        344        192          0        512       5616   ELF Image Totals
      1644        344        192          0          0          0   ROM Totals

==============================================================================

    Total RO  Size (Code + RO Data)                 1836 (   1.79kB)
    Total RW  Size (RW Data + ZI Data)               512 (   0.50kB)
    Total ROM Size (Code + RO Data + RW Data)       1836 (   1.79kB)

==============================================================================

