Component: ARM Compiler 6.16 Tool: armlink [5dfeaa00]

==============================================================================

Section Cross References

    startup_lpc11xx.o(STACK) refers (Special) to heapauxi.o(.text) for __use_two_region_memory
    startup_lpc11xx.o(HEAP) refers (Special) to heapauxi.o(.text) for __use_two_region_memory
    startup_lpc11xx.o(RESET) refers (Special) to heapauxi.o(.text) for __use_two_region_memory
    startup_lpc11xx.o(RESET) refers to startup_lpc11xx.o(STACK) for __initial_sp
    startup_lpc11xx.o(RESET) refers to startup_lpc11xx.o(.text) for Reset_Handler
    startup_lpc11xx.o(.ARM.__at_0x02FC) refers (Special) to heapauxi.o(.text) for __use_two_region_memory
    startup_lpc11xx.o(.text) refers (Special) to heapauxi.o(.text) for __use_two_region_memory
    startup_lpc11xx.o(.text) refers to lab5.o(FLASH) for SystemInit
    startup_lpc11xx.o(.text) refers to startup_lpc11xx.o(HEAP) for Heap_Mem
    startup_lpc11xx.o(.text) refers to startup_lpc11xx.o(STACK) for Stack_Mem
    lab5.o(FLASH) refers (Special) to busywait.o(PROGRAM) for BusyWait
    lab5.o(FLASH) refers (Special) to lcd_command.o(PROGRAM) for LCD_command
    lab5.o(FLASH) refers (Special) to level1.o(PROGRAM) for Level1
    lab5.o(FLASH) refers (Special) to level2.o(PROGRAM) for Level2
    lab5.o(FLASH) refers (Special) to print_string.o(PROGRAM) for print_string
    lab5.o(FLASH) refers to configinit.o(program) for CONFIG_INIT
    lab5.o(FLASH) refers to configdir.o(program) for CONFIG_DIR
    lab5.o(FLASH) refers to lcd_init.o(PROGRAM) for LCD_init
    lab5.o(FLASH) refers to level3.o(PROGRAM) for Level3
    lcd_command.o(PROGRAM) refers to busywait.o(PROGRAM) for BusyWait
    lcd_init.o(PROGRAM) refers (Special) to configdir.o(program) for CONFIG_DIR
    lcd_init.o(PROGRAM) refers to busywait.o(PROGRAM) for BusyWait
    lcd_init.o(PROGRAM) refers to lcd_command.o(PROGRAM) for LCD_command
    print_string.o(PROGRAM) refers to lcd_command.o(PROGRAM) for LCD_command
    level1.o(PROGRAM) refers to print_string.o(PROGRAM) for print_string
    level1.o(PROGRAM) refers to lcd_command.o(PROGRAM) for LCD_command
    level2.o(PROGRAM) refers to lcd_command.o(PROGRAM) for LCD_command
    level2.o(PROGRAM) refers to level2_print_string.o(PROGRAM) for Level2_print_string
    level2.o(PROGRAM) refers to busywait.o(PROGRAM) for BusyWait
    level2_print_string.o(PROGRAM) refers to lcd_command.o(PROGRAM) for LCD_command
    level3.o(PROGRAM) refers (Special) to print_string.o(PROGRAM) for print_string
    level3.o(PROGRAM) refers to string_length.o(PROGRAM) for string_length
    level3.o(PROGRAM) refers to level3_print_string.o(PROGRAM) for Level3_print_string
    level3.o(PROGRAM) refers to busywait.o(PROGRAM) for BusyWait
    level3.o(PROGRAM) refers to lcd_command.o(PROGRAM) for LCD_command
    level3_print_string.o(PROGRAM) refers to lcd_command.o(PROGRAM) for LCD_command


==============================================================================

Image Symbol Table

    Local Symbols

    Symbol Name                              Value     Ov Type        Size  Object(Section)

    ../clib/heapaux.c                        0x00000000   Number         0  heapauxi.o ABSOLUTE
    BusyWait.s                               0x00000000   Number         0  busywait.o ABSOLUTE
    ConfigDir.s                              0x00000000   Number         0  configdir.o ABSOLUTE
    ConfigInit.s                             0x00000000   Number         0  configinit.o ABSOLUTE
    LCD_command.s                            0x00000000   Number         0  lcd_command.o ABSOLUTE
    LCD_init.s                               0x00000000   Number         0  lcd_init.o ABSOLUTE
    Lab5.s                                   0x00000000   Number         0  lab5.o ABSOLUTE
    Level1.s                                 0x00000000   Number         0  level1.o ABSOLUTE
    Level2.s                                 0x00000000   Number         0  level2.o ABSOLUTE
    Level2_print_string.s                    0x00000000   Number         0  level2_print_string.o ABSOLUTE
    Level3.s                                 0x00000000   Number         0  level3.o ABSOLUTE
    Level3_print_string.s                    0x00000000   Number         0  level3_print_string.o ABSOLUTE
    dc.s                                     0x00000000   Number         0  dc.o ABSOLUTE
    print_string.s                           0x00000000   Number         0  print_string.o ABSOLUTE
    startup_LPC11xx.s                        0x00000000   Number         0  startup_lpc11xx.o ABSOLUTE
    string_length.s                          0x00000000   Number         0  string_length.o ABSOLUTE
    RESET                                    0x00000000   Section      192  startup_lpc11xx.o(RESET)
    .text                                    0x000000c0   Section       52  startup_lpc11xx.o(.text)
    .text                                    0x000000f4   Section        0  heapauxi.o(.text)
    FLASH                                    0x000000fc   Section       60  lab5.o(FLASH)
    string1                                  0x00000112   Data          15  lab5.o(FLASH)
    string2                                  0x00000121   Data          12  lab5.o(FLASH)
    PROGRAM                                  0x00000138   Section        8  busywait.o(PROGRAM)
    PROGRAM                                  0x00000140   Section      148  lcd_command.o(PROGRAM)
    PROGRAM                                  0x000001d4   Section       52  lcd_init.o(PROGRAM)
    PROGRAM                                  0x00000208   Section       42  print_string.o(PROGRAM)
    PROGRAM                                  0x00000234   Section       22  level1.o(PROGRAM)
    PROGRAM                                  0x0000024c   Section       20  level2_print_string.o(PROGRAM)
    PROGRAM                                  0x00000260   Section      108  level3.o(PROGRAM)
    string                                   0x0000028c   Data          53  level3.o(PROGRAM)
    PROGRAM                                  0x000002cc   Section       20  string_length.o(PROGRAM)
    .ARM.__at_0x02FC                         0x000002fc   Section        4  startup_lpc11xx.o(.ARM.__at_0x02FC)
    PROGRAM                                  0x00000300   Section      184  level2.o(PROGRAM)
    COURSE1                                  0x00000344   Data          29  level2.o(PROGRAM)
    PROGRAM                                  0x000003b8   Section       52  level3_print_string.o(PROGRAM)
    program                                  0x000003ec   Section       36  configdir.o(program)
    program                                  0x00000410   Section      108  configinit.o(program)
    Heap_Mem                                 0x10000000   Data           0  startup_lpc11xx.o(HEAP)
    Stack_Mem                                0x10000000   Data         512  startup_lpc11xx.o(STACK)
    HEAP                                     0x10000000   Section        0  startup_lpc11xx.o(HEAP)
    STACK                                    0x10000000   Section      512  startup_lpc11xx.o(STACK)
    __initial_sp                             0x10000200   Data           0  startup_lpc11xx.o(STACK)

    Global Symbols

    Symbol Name                              Value     Ov Type        Size  Object(Section)

    BuildAttributes$$THM_ISAv3M$S$A:L22$X:L11$S22$IEEE1$IW$~IW$USESV6$~STKCKD$USESV7$~SHL$OSPACE$ROPI$EBA8$STANDARDLIB$REQ8$EABIv2 0x00000000   Number         0  anon$$obj.o ABSOLUTE
    __Vectors                                0x00000000   Data           4  startup_lpc11xx.o(RESET)
    Reset_Handler                            0x000000c1   Thumb Code     8  startup_lpc11xx.o(.text)
    NMI_Handler                              0x000000c9   Thumb Code     2  startup_lpc11xx.o(.text)
    HardFault_Handler                        0x000000cb   Thumb Code     2  startup_lpc11xx.o(.text)
    SVC_Handler                              0x000000cd   Thumb Code     2  startup_lpc11xx.o(.text)
    PendSV_Handler                           0x000000cf   Thumb Code     2  startup_lpc11xx.o(.text)
    SysTick_Handler                          0x000000d1   Thumb Code     2  startup_lpc11xx.o(.text)
    ADC_IRQHandler                           0x000000d3   Thumb Code     0  startup_lpc11xx.o(.text)
    BOD_IRQHandler                           0x000000d3   Thumb Code     0  startup_lpc11xx.o(.text)
    CAN_IRQHandler                           0x000000d3   Thumb Code     0  startup_lpc11xx.o(.text)
    FMC_IRQHandler                           0x000000d3   Thumb Code     0  startup_lpc11xx.o(.text)
    I2C_IRQHandler                           0x000000d3   Thumb Code     0  startup_lpc11xx.o(.text)
    PIOINT0_IRQHandler                       0x000000d3   Thumb Code     0  startup_lpc11xx.o(.text)
    PIOINT1_IRQHandler                       0x000000d3   Thumb Code     0  startup_lpc11xx.o(.text)
    PIOINT2_IRQHandler                       0x000000d3   Thumb Code     0  startup_lpc11xx.o(.text)
    PIOINT3_IRQHandler                       0x000000d3   Thumb Code     0  startup_lpc11xx.o(.text)
    SSP0_IRQHandler                          0x000000d3   Thumb Code     0  startup_lpc11xx.o(.text)
    SSP1_IRQHandler                          0x000000d3   Thumb Code     0  startup_lpc11xx.o(.text)
    TIMER16_0_IRQHandler                     0x000000d3   Thumb Code     0  startup_lpc11xx.o(.text)
    TIMER16_1_IRQHandler                     0x000000d3   Thumb Code     0  startup_lpc11xx.o(.text)
    TIMER32_0_IRQHandler                     0x000000d3   Thumb Code     0  startup_lpc11xx.o(.text)
    TIMER32_1_IRQHandler                     0x000000d3   Thumb Code     0  startup_lpc11xx.o(.text)
    UART_IRQHandler                          0x000000d3   Thumb Code     0  startup_lpc11xx.o(.text)
    USB_FIQHandler                           0x000000d3   Thumb Code     0  startup_lpc11xx.o(.text)
    USB_IRQHandler                           0x000000d3   Thumb Code     0  startup_lpc11xx.o(.text)
    WAKEUP_IRQHandler                        0x000000d3   Thumb Code     0  startup_lpc11xx.o(.text)
    WDT_IRQHandler                           0x000000d3   Thumb Code     0  startup_lpc11xx.o(.text)
    __user_initial_stackheap                 0x000000d5   Thumb Code     0  startup_lpc11xx.o(.text)
    __use_two_region_memory                  0x000000f5   Thumb Code     2  heapauxi.o(.text)
    __rt_heap_escrow$2region                 0x000000f7   Thumb Code     2  heapauxi.o(.text)
    __rt_heap_expand$2region                 0x000000f9   Thumb Code     2  heapauxi.o(.text)
    SystemInit                               0x000000fd   Thumb Code     0  lab5.o(FLASH)
    __main                                   0x000000fd   Thumb Code     0  lab5.o(FLASH)
    BusyWait                                 0x00000139   Thumb Code     0  busywait.o(PROGRAM)
    LCD_command                              0x00000141   Thumb Code     0  lcd_command.o(PROGRAM)
    LCD_init                                 0x000001d5   Thumb Code     0  lcd_init.o(PROGRAM)
    print_string                             0x00000209   Thumb Code     0  print_string.o(PROGRAM)
    Level1                                   0x00000235   Thumb Code     0  level1.o(PROGRAM)
    Level2_print_string                      0x0000024d   Thumb Code     0  level2_print_string.o(PROGRAM)
    Level3                                   0x00000261   Thumb Code     0  level3.o(PROGRAM)
    string_length                            0x000002cd   Thumb Code     0  string_length.o(PROGRAM)
    Level2                                   0x00000301   Thumb Code     0  level2.o(PROGRAM)
    Level3_print_string                      0x000003b9   Thumb Code     0  level3_print_string.o(PROGRAM)
    CONFIG_DIR                               0x000003ed   Thumb Code     0  configdir.o(program)
    CONFIG_INIT                              0x00000411   Thumb Code     0  configinit.o(program)



==============================================================================

Memory Map of the image

  Image Entry point : 0x000000fd

  Load Region LR_IROM1 (Base: 0x00000000, Size: 0x0000047c, Max: 0x00008000, ABSOLUTE)

    Execution Region ER_IROM1 (Exec base: 0x00000000, Load base: 0x00000000, Size: 0x0000047c, Max: 0x00008000, ABSOLUTE)

    Exec Addr    Load Addr    Size         Type   Attr      Idx    E Section Name        Object

    0x00000000   0x00000000   0x000000c0   Data   RO            3    RESET               startup_lpc11xx.o
    0x000000c0   0x000000c0   0x00000034   Code   RO            5    .text               startup_lpc11xx.o
    0x000000f4   0x000000f4   0x00000006   Code   RO           54    .text               c_p.l(heapauxi.o)
    0x000000fa   0x000000fa   0x00000002   PAD
    0x000000fc   0x000000fc   0x0000003c   Code   RO           13  * FLASH               lab5.o
    0x00000138   0x00000138   0x00000008   Code   RO           16    PROGRAM             busywait.o
    0x00000140   0x00000140   0x00000094   Code   RO           19    PROGRAM             lcd_command.o
    0x000001d4   0x000001d4   0x00000034   Code   RO           22    PROGRAM             lcd_init.o
    0x00000208   0x00000208   0x0000002a   Code   RO           25    PROGRAM             print_string.o
    0x00000232   0x00000232   0x00000002   PAD
    0x00000234   0x00000234   0x00000016   Code   RO           34    PROGRAM             level1.o
    0x0000024a   0x0000024a   0x00000002   PAD
    0x0000024c   0x0000024c   0x00000014   Code   RO           40    PROGRAM             level2_print_string.o
    0x00000260   0x00000260   0x0000006c   Code   RO           43    PROGRAM             level3.o
    0x000002cc   0x000002cc   0x00000014   Code   RO           46    PROGRAM             string_length.o
    0x000002e0   0x000002e0   0x0000001c   PAD
    0x000002fc   0x000002fc   0x00000004   Code   RO            4    .ARM.__at_0x02FC    startup_lpc11xx.o
    0x00000300   0x00000300   0x000000b8   Code   RO           37    PROGRAM             level2.o
    0x000003b8   0x000003b8   0x00000034   Code   RO           49    PROGRAM             level3_print_string.o
    0x000003ec   0x000003ec   0x00000024   Code   RO           28    program             configdir.o
    0x00000410   0x00000410   0x0000006c   Code   RO           31    program             configinit.o


    Execution Region RW_IRAM1 (Exec base: 0x10000000, Load base: 0x0000047c, Size: 0x00000200, Max: 0x00001000, ABSOLUTE)

    Exec Addr    Load Addr    Size         Type   Attr      Idx    E Section Name        Object

    0x10000000        -       0x00000000   Zero   RW            2    HEAP                startup_lpc11xx.o
    0x10000000        -       0x00000200   Zero   RW            1    STACK               startup_lpc11xx.o


==============================================================================

Image component sizes


      Code (inc. data)   RO Data    RW Data    ZI Data      Debug   Object Name

         8          0          0          0          0        224   busywait.o
        36         12          0          0          0        232   configdir.o
       108         34          0          0          0        256   configinit.o
        60         38          0          0          0        220   lab5.o
       148         26          0          0          0        280   lcd_command.o
        52          4          0          0          0        236   lcd_init.o
        22          0          0          0          0        220   level1.o
       184        116          0          0          0        236   level2.o
        20          0          0          0          0        248   level2_print_string.o
       108         64          0          0          0        228   level3.o
        52          0          0          0          0        260   level3_print_string.o
        42          0          0          0          0        244   print_string.o
        56         26        192          0        512        812   startup_lpc11xx.o
        20          0          0          0          0        236   string_length.o

    ----------------------------------------------------------------------
       948        320        192          0        512       3932   Object Totals
         0          0          0          0          0          0   (incl. Generated)
        32          0          0          0          0          0   (incl. Padding)

    ----------------------------------------------------------------------

      Code (inc. data)   RO Data    RW Data    ZI Data      Debug   Library Member Name

         6          0          0          0          0        136   heapauxi.o

    ----------------------------------------------------------------------
         8          0          0          0          0        136   Library Totals
         2          0          0          0          0          0   (incl. Padding)

    ----------------------------------------------------------------------

      Code (inc. data)   RO Data    RW Data    ZI Data      Debug   Library Name

         6          0          0          0          0        136   c_p.l

    ----------------------------------------------------------------------
         8          0          0          0          0        136   Library Totals

    ----------------------------------------------------------------------

==============================================================================


      Code (inc. data)   RO Data    RW Data    ZI Data      Debug   

       956        320        192          0        512       4068   Grand Totals
       956        320        192          0        512       4068   ELF Image Totals
       956        320        192          0          0          0   ROM Totals

==============================================================================

    Total RO  Size (Code + RO Data)                 1148 (   1.12kB)
    Total RW  Size (RW Data + ZI Data)               512 (   0.50kB)
    Total ROM Size (Code + RO Data + RW Data)       1148 (   1.12kB)

==============================================================================

